Archive member included to satisfy reference by file (symbol)

c:/st/stm32cubeide_1.5.0/stm32cubeide/plugins/com.st.stm32cube.ide.mcu.externaltools.gnu-tools-for-stm32.9-2020-q2-update.win32_2.0.0.202105311346/tools/bin/../lib/gcc/arm-none-eabi/9.3.1/../../../../arm-none-eabi/lib/thumb/v7e-m+dp/hard\libc_nano.a(lib_a-calloc.o)
                              ./Core/Src/Uart.o (calloc)
c:/st/stm32cubeide_1.5.0/stm32cubeide/plugins/com.st.stm32cube.ide.mcu.externaltools.gnu-tools-for-stm32.9-2020-q2-update.win32_2.0.0.202105311346/tools/bin/../lib/gcc/arm-none-eabi/9.3.1/../../../../arm-none-eabi/lib/thumb/v7e-m+dp/hard\libc_nano.a(lib_a-errno.o)
                              ./Core/Src/syscalls.o (__errno)
c:/st/stm32cubeide_1.5.0/stm32cubeide/plugins/com.st.stm32cube.ide.mcu.externaltools.gnu-tools-for-stm32.9-2020-q2-update.win32_2.0.0.202105311346/tools/bin/../lib/gcc/arm-none-eabi/9.3.1/../../../../arm-none-eabi/lib/thumb/v7e-m+dp/hard\libc_nano.a(lib_a-exit.o)
                              c:/st/stm32cubeide_1.5.0/stm32cubeide/plugins/com.st.stm32cube.ide.mcu.externaltools.gnu-tools-for-stm32.9-2020-q2-update.win32_2.0.0.202105311346/tools/bin/../lib/gcc/arm-none-eabi/9.3.1/../../../../arm-none-eabi/lib/thumb/v7e-m+dp/hard/crt0.o (exit)
c:/st/stm32cubeide_1.5.0/stm32cubeide/plugins/com.st.stm32cube.ide.mcu.externaltools.gnu-tools-for-stm32.9-2020-q2-update.win32_2.0.0.202105311346/tools/bin/../lib/gcc/arm-none-eabi/9.3.1/../../../../arm-none-eabi/lib/thumb/v7e-m+dp/hard\libc_nano.a(lib_a-impure.o)
                              c:/st/stm32cubeide_1.5.0/stm32cubeide/plugins/com.st.stm32cube.ide.mcu.externaltools.gnu-tools-for-stm32.9-2020-q2-update.win32_2.0.0.202105311346/tools/bin/../lib/gcc/arm-none-eabi/9.3.1/../../../../arm-none-eabi/lib/thumb/v7e-m+dp/hard\libc_nano.a(lib_a-exit.o) (_global_impure_ptr)
c:/st/stm32cubeide_1.5.0/stm32cubeide/plugins/com.st.stm32cube.ide.mcu.externaltools.gnu-tools-for-stm32.9-2020-q2-update.win32_2.0.0.202105311346/tools/bin/../lib/gcc/arm-none-eabi/9.3.1/../../../../arm-none-eabi/lib/thumb/v7e-m+dp/hard\libc_nano.a(lib_a-init.o)
                              c:/st/stm32cubeide_1.5.0/stm32cubeide/plugins/com.st.stm32cube.ide.mcu.externaltools.gnu-tools-for-stm32.9-2020-q2-update.win32_2.0.0.202105311346/tools/bin/../lib/gcc/arm-none-eabi/9.3.1/../../../../arm-none-eabi/lib/thumb/v7e-m+dp/hard/crt0.o (__libc_init_array)
c:/st/stm32cubeide_1.5.0/stm32cubeide/plugins/com.st.stm32cube.ide.mcu.externaltools.gnu-tools-for-stm32.9-2020-q2-update.win32_2.0.0.202105311346/tools/bin/../lib/gcc/arm-none-eabi/9.3.1/../../../../arm-none-eabi/lib/thumb/v7e-m+dp/hard\libc_nano.a(lib_a-memcpy-stub.o)
                              ./Core/Src/Uart.o (memcpy)
c:/st/stm32cubeide_1.5.0/stm32cubeide/plugins/com.st.stm32cube.ide.mcu.externaltools.gnu-tools-for-stm32.9-2020-q2-update.win32_2.0.0.202105311346/tools/bin/../lib/gcc/arm-none-eabi/9.3.1/../../../../arm-none-eabi/lib/thumb/v7e-m+dp/hard\libc_nano.a(lib_a-memset.o)
                              c:/st/stm32cubeide_1.5.0/stm32cubeide/plugins/com.st.stm32cube.ide.mcu.externaltools.gnu-tools-for-stm32.9-2020-q2-update.win32_2.0.0.202105311346/tools/bin/../lib/gcc/arm-none-eabi/9.3.1/../../../../arm-none-eabi/lib/thumb/v7e-m+dp/hard/crt0.o (memset)
c:/st/stm32cubeide_1.5.0/stm32cubeide/plugins/com.st.stm32cube.ide.mcu.externaltools.gnu-tools-for-stm32.9-2020-q2-update.win32_2.0.0.202105311346/tools/bin/../lib/gcc/arm-none-eabi/9.3.1/../../../../arm-none-eabi/lib/thumb/v7e-m+dp/hard\libc_nano.a(lib_a-nano-callocr.o)
                              c:/st/stm32cubeide_1.5.0/stm32cubeide/plugins/com.st.stm32cube.ide.mcu.externaltools.gnu-tools-for-stm32.9-2020-q2-update.win32_2.0.0.202105311346/tools/bin/../lib/gcc/arm-none-eabi/9.3.1/../../../../arm-none-eabi/lib/thumb/v7e-m+dp/hard\libc_nano.a(lib_a-calloc.o) (_calloc_r)
c:/st/stm32cubeide_1.5.0/stm32cubeide/plugins/com.st.stm32cube.ide.mcu.externaltools.gnu-tools-for-stm32.9-2020-q2-update.win32_2.0.0.202105311346/tools/bin/../lib/gcc/arm-none-eabi/9.3.1/../../../../arm-none-eabi/lib/thumb/v7e-m+dp/hard\libc_nano.a(lib_a-nano-mallocr.o)
                              c:/st/stm32cubeide_1.5.0/stm32cubeide/plugins/com.st.stm32cube.ide.mcu.externaltools.gnu-tools-for-stm32.9-2020-q2-update.win32_2.0.0.202105311346/tools/bin/../lib/gcc/arm-none-eabi/9.3.1/../../../../arm-none-eabi/lib/thumb/v7e-m+dp/hard\libc_nano.a(lib_a-nano-callocr.o) (_malloc_r)
c:/st/stm32cubeide_1.5.0/stm32cubeide/plugins/com.st.stm32cube.ide.mcu.externaltools.gnu-tools-for-stm32.9-2020-q2-update.win32_2.0.0.202105311346/tools/bin/../lib/gcc/arm-none-eabi/9.3.1/../../../../arm-none-eabi/lib/thumb/v7e-m+dp/hard\libc_nano.a(lib_a-sbrkr.o)
[...]
Memory Configuration

Name             Origin             Length             Attributes
RAM_D1           0x0000000024000000 0x0000000000080000 xrw
FLASH            0x0000000008000000 0x0000000000100000 xr
DTCMRAM          0x0000000020000000 0x0000000000020000 xrw
RAM_D2           0x0000000030000000 0x0000000000048000 xrw
RAM_D3           0x0000000038000000 0x0000000000010000 xrw
ITCMRAM          0x0000000000000000 0x0000000000010000 xrw
*default*        0x0000000000000000 0xffffffffffffffff

Linker script and memory map

LOAD c:/st/stm32cubeide_1.5.0/stm32cubeide/plugins/com.st.stm32cube.ide.mcu.externaltools.gnu-tools-for-stm32.9-2020-q2-update.win32_2.0.0.202105311346/tools/bin/../lib/gcc/arm-none-eabi/9.3.1/thumb/v7e-m+dp/hard/crti.o
LOAD c:/st/stm32cubeide_1.5.0/stm32cubeide/plugins/com.st.stm32cube.ide.mcu.externaltools.gnu-tools-for-stm32.9-2020-q2-update.win32_2.0.0.202105311346/tools/bin/../lib/gcc/arm-none-eabi/9.3.1/thumb/v7e-m+dp/hard/crtbegin.o
LOAD c:/st/stm32cubeide_1.5.0/stm32cubeide/plugins/com.st.stm32cube.ide.mcu.externaltools.gnu-tools-for-stm32.9-2020-q2-update.win32_2.0.0.202105311346/tools/bin/../lib/gcc/arm-none-eabi/9.3.1/../../../../arm-none-eabi/lib/thumb/v7e-m+dp/hard/crt0.o
LOAD ./Common/Src/system_stm32h7xx_dualcore_boot_cm4_cm7.o
LOAD ./Core/Src/BMPUartDecode.o
LOAD ./Core/Src/ST7735.o
LOAD ./Core/Src/Uart.o
LOAD ./Core/Src/main.o
LOAD ./Core/Src/stm32h7xx_hal_msp.o
LOAD ./Core/Src/stm32h7xx_it.o
LOAD ./Core/Src/syscalls.o
LOAD ./Core/Src/sysmem.o
LOAD ./Core/Startup/startup_stm32h745zitx.o
LOAD ./Drivers/STM32H7xx_HAL_Driver/stm32h7xx_hal.o
LOAD ./Drivers/STM32H7xx_HAL_Driver/stm32h7xx_hal_cortex.o
LOAD ./Drivers/STM32H7xx_HAL_Driver/stm32h7xx_hal_dma.o
LOAD ./Drivers/STM32H7xx_HAL_Driver/stm32h7xx_hal_dma_ex.o
LOAD ./Drivers/STM32H7xx_HAL_Driver/stm32h7xx_hal_eth.o
LOAD ./Drivers/STM32H7xx_HAL_Driver/stm32h7xx_hal_eth_ex.o
LOAD ./Drivers/STM32H7xx_HAL_Driver/stm32h7xx_hal_exti.o
LOAD ./Drivers/STM32H7xx_HAL_Driver/stm32h7xx_hal_flash.o
LOAD ./Drivers/STM32H7xx_HAL_Driver/stm32h7xx_hal_flash_ex.o
LOAD ./Drivers/STM32H7xx_HAL_Driver/stm32h7xx_hal_gpio.o
LOAD ./Drivers/STM32H7xx_HAL_Driver/stm32h7xx_hal_hsem.o
LOAD ./Drivers/STM32H7xx_HAL_Driver/stm32h7xx_hal_i2c.o
LOAD ./Drivers/STM32H7xx_HAL_Driver/stm32h7xx_hal_i2c_ex.o
LOAD ./Drivers/STM32H7xx_HAL_Driver/stm32h7xx_hal_mdma.o
LOAD ./Drivers/STM32H7xx_HAL_Driver/stm32h7xx_hal_pcd.o
LOAD ./Drivers/STM32H7xx_HAL_Driver/stm32h7xx_hal_pcd_ex.o
LOAD ./Drivers/STM32H7xx_HAL_Driver/stm32h7xx_hal_pwr.o
LOAD ./Drivers/STM32H7xx_HAL_Driver/stm32h7xx_hal_pwr_ex.o
LOAD ./Drivers/STM32H7xx_HAL_Driver/stm32h7xx_hal_rcc.o
LOAD ./Drivers/STM32H7xx_HAL_Driver/stm32h7xx_hal_rcc_ex.o
LOAD ./Drivers/STM32H7xx_HAL_Driver/stm32h7xx_hal_rtc.o
LOAD ./Drivers/STM32H7xx_HAL_Driver/stm32h7xx_hal_rtc_ex.o
LOAD ./Drivers/STM32H7xx_HAL_Driver/stm32h7xx_hal_spi.o
LOAD ./Drivers/STM32H7xx_HAL_Driver/stm32h7xx_hal_spi_ex.o
LOAD ./Drivers/STM32H7xx_HAL_Driver/stm32h7xx_hal_tim.o
LOAD ./Drivers/STM32H7xx_HAL_Driver/stm32h7xx_hal_tim_ex.o
LOAD ./Drivers/STM32H7xx_HAL_Driver/stm32h7xx_hal_uart.o
LOAD ./Drivers/STM32H7xx_HAL_Driver/stm32h7xx_hal_uart_ex.o
LOAD ./Drivers/STM32H7xx_HAL_Driver/stm32h7xx_ll_usb.o
START GROUP
LOAD c:/st/stm32cubeide_1.5.0/stm32cubeide/plugins/com.st.stm32cube.ide.mcu.externaltools.gnu-tools-for-stm32.9-2020-q2-update.win32_2.0.0.202105311346/tools/bin/../lib/gcc/arm-none-eabi/9.3.1/../../../../arm-none-eabi/lib/thumb/v7e-m+dp/hard\libstdc++_nano.a
LOAD c:/st/stm32cubeide_1.5.0/stm32cubeide/plugins/com.st.stm32cube.ide.mcu.externaltools.gnu-tools-for-stm32.9-2020-q2-update.win32_2.0.0.202105311346/tools/bin/../lib/gcc/arm-none-eabi/9.3.1/../../../../arm-none-eabi/lib/thumb/v7e-m+dp/hard\libsupc++_nano.a
END GROUP
LOAD c:/st/stm32cubeide_1.5.0/stm32cubeide/plugins/com.st.stm32cube.ide.mcu.externaltools.gnu-tools-for-stm32.9-2020-q2-update.win32_2.0.0.202105311346/tools/bin/../lib/gcc/arm-none-eabi/9.3.1/../../../../arm-none-eabi/lib/thumb/v7e-m+dp/hard\libstdc++_nano.a
LOAD c:/st/stm32cubeide_1.5.0/stm32cubeide/plugins/com.st.stm32cube.ide.mcu.externaltools.gnu-tools-for-stm32.9-2020-q2-update.win32_2.0.0.202105311346/tools/bin/../lib/gcc/arm-none-eabi/9.3.1/../../../../arm-none-eabi/lib/thumb/v7e-m+dp/hard\libm.a
LOAD c:/st/stm32cubeide_1.5.0/stm32cubeide/plugins/com.st.stm32cube.ide.mcu.externaltools.gnu-tools-for-stm32.9-2020-q2-update.win32_2.0.0.202105311346/tools/bin/../lib/gcc/arm-none-eabi/9.3.1/../../../../arm-none-eabi/lib/thumb/v7e-m+dp/hard\libc_nano.a
START GROUP
LOAD c:/st/stm32cubeide_1.5.0/stm32cubeide/plugins/com.st.stm32cube.ide.mcu.externaltools.gnu-tools-for-stm32.9-2020-q2-update.win32_2.0.0.202105311346/tools/bin/../lib/gcc/arm-none-eabi/9.3.1/thumb/v7e-m+dp/hard\libgcc.a
LOAD c:/st/stm32cubeide_1.5.0/stm32cubeide/plugins/com.st.stm32cube.ide.mcu.externaltools.gnu-tools-for-stm32.9-2020-q2-update.win32_2.0.0.202105311346/tools/bin/../lib/gcc/arm-none-eabi/9.3.1/../../../../arm-none-eabi/lib/thumb/v7e-m+dp/hard\libc_nano.a
END GROUP
START GROUP
LOAD c:/st/stm32cubeide_1.5.0/stm32cubeide/plugins/com.st.stm32cube.ide.mcu.externaltools.gnu-tools-for-stm32.9-2020-q2-update.win32_2.0.0.202105311346/tools/bin/../lib/gcc/arm-none-eabi/9.3.1/thumb/v7e-m+dp/hard\libgcc.a
LOAD c:/st/stm32cubeide_1.5.0/stm32cubeide/plugins/com.st.stm32cube.ide.mcu.externaltools.gnu-tools-for-stm32.9-2020-q2-update.win32_2.0.0.202105311346/tools/bin/../lib/gcc/arm-none-eabi/9.3.1/../../../../arm-none-eabi/lib/thumb/v7e-m+dp/hard\libc_nano.a
LOAD c:/st/stm32cubeide_1.5.0/stm32cubeide/plugins/com.st.stm32cube.ide.mcu.externaltools.gnu-tools-for-stm32.9-2020-q2-update.win32_2.0.0.202105311346/tools/bin/../lib/gcc/arm-none-eabi/9.3.1/../../../../arm-none-eabi/lib/thumb/v7e-m+dp/hard\libnosys.a
END GROUP
START GROUP
LOAD c:/st/stm32cubeide_1.5.0/stm32cubeide/plugins/com.st.stm32cube.ide.mcu.externaltools.gnu-tools-for-stm32.9-2020-q2-update.win32_2.0.0.202105311346/tools/bin/../lib/gcc/arm-none-eabi/9.3.1/thumb/v7e-m+dp/hard\libgcc.a
LOAD c:/st/stm32cubeide_1.5.0/stm32cubeide/plugins/com.st.stm32cube.ide.mcu.externaltools.gnu-tools-for-stm32.9-2020-q2-update.win32_2.0.0.202105311346/tools/bin/../lib/gcc/arm-none-eabi/9.3.1/../../../../arm-none-eabi/lib/thumb/v7e-m+dp/hard\libc_nano.a
LOAD c:/st/stm32cubeide_1.5.0/stm32cubeide/plugins/com.st.stm32cube.ide.mcu.externaltools.gnu-tools-for-stm32.9-2020-q2-update.win32_2.0.0.202105311346/tools/bin/../lib/gcc/arm-none-eabi/9.3.1/../../../../arm-none-eabi/lib/thumb/v7e-m+dp/hard\libnosys.a
END GROUP
LOAD c:/st/stm32cubeide_1.5.0/stm32cubeide/plugins/com.st.stm32cube.ide.mcu.externaltools.gnu-tools-for-stm32.9-2020-q2-update.win32_2.0.0.202105311346/tools/bin/../lib/gcc/arm-none-eabi/9.3.1/thumb/v7e-m+dp/hard/crtend.o
LOAD c:/st/stm32cubeide_1.5.0/stm32cubeide/plugins/com.st.stm32cube.ide.mcu.externaltools.gnu-tools-for-stm32.9-2020-q2-update.win32_2.0.0.202105311346/tools/bin/../lib/gcc/arm-none-eabi/9.3.1/thumb/v7e-m+dp/hard/crtn.o
                0x0000000024080000                _estack = (ORIGIN (RAM_D1) + LENGTH (RAM_D1))
                0x0000000000000200                _Min_Heap_Size = 0x200
                0x0000000000000400                _Min_Stack_Size = 0x400

.isr_vector     0x0000000008000000      0x298
                0x0000000008000000                . = ALIGN (0x4)
 *(.isr_vector)
 .isr_vector    0x0000000008000000      0x298 ./Core/Startup/startup_stm32h745zitx.o
                0x0000000008000000                g_pfnVectors
                0x0000000008000298                . = ALIGN (0x4)

.text           0x0000000008000298     0xd128
                0x0000000008000298                . = ALIGN (0x4)
 *(.text)
 .text          0x0000000008000298       0x40 c:/st/stm32cubeide_1.5.0/stm32cubeide/plugins/com.st.stm32cube.ide.mcu.externaltools.gnu-tools-for-stm32.9-2020-q2-update.win32_2.0.0.202105311346/tools/bin/../lib/gcc/arm-none-eabi/9.3.1/thumb/v7e-m+dp/hard/crtbegin.o
 .text          0x00000000080002d8       0x30 c:/st/stm32cubeide_1.5.0/stm32cubeide/plugins/com.st.stm32cube.ide.mcu.externaltools.gnu-tools-for-stm32.9-2020-q2-update.win32_2.0.0.202105311346/tools/bin/../lib/gcc/arm-none-eabi/9.3.1/thumb/v7e-m+dp/hard\libgcc.a(_aeabi_uldivmod.o)
                0x00000000080002d8                __aeabi_uldivmod
 .text          0x0000000008000308      0x2c4 c:/st/stm32cubeide_1.5.0/stm32cubeide/plugins/com.st.stm32cube.ide.mcu.externaltools.gnu-tools-for-stm32.9-2020-q2-update.win32_2.0.0.202105311346/tools/bin/../lib/gcc/arm-none-eabi/9.3.1/thumb/v7e-m+dp/hard\libgcc.a(_udivmoddi4.o)
                0x0000000008000308                __udivmoddi4
 .text          0x00000000080005cc        0x4 c:/st/stm32cubeide_1.5.0/stm32cubeide/plugins/com.st.stm32cube.ide.mcu.externaltools.gnu-tools-for-stm32.9-2020-q2-update.win32_2.0.0.202105311346/tools/bin/../lib/gcc/arm-none-eabi/9.3.1/thumb/v7e-m+dp/hard\libgcc.a(_dvmd_tls.o)
                0x00000000080005cc                __aeabi_idiv0
                0x00000000080005cc                __aeabi_ldiv0
 *(.text*)
 .text.SystemInit
                0x00000000080005d0      0x134 ./Common/Src/system_stm32h7xx_dualcore_boot_cm4_cm7.o
                0x00000000080005d0                SystemInit
 .text.LCD_init
                0x0000000008000704      0x174 ./Core/Src/ST7735.o
                0x0000000008000704                LCD_init
 .text.LCD_flush
                0x0000000008000878       0x24 ./Core/Src/ST7735.o
                0x0000000008000878                LCD_flush
 .text.LCD_timer
                0x000000000800089c      0x1d0 ./Core/Src/ST7735.o
                0x000000000800089c                LCD_timer
 .text.LCD_fan  0x0000000008000a6c       0xc8 ./Core/Src/ST7735.o
                0x0000000008000a6c                LCD_fan
 .text.LCD_speed
                0x0000000008000b34      0x120 ./Core/Src/ST7735.o
                0x0000000008000b34                LCD_speed
 .text.UARTInit
                0x0000000008000c54       0x4a ./Core/Src/Uart.o
                0x0000000008000c54                UARTInit
 .text.UARTResetStart
                0x0000000008000c9e       0x22 ./Core/Src/Uart.o
                0x0000000008000c9e                UARTResetStart
 .text.main     0x0000000008000cc0      0x3a4 ./Core/Src/main.o
                0x0000000008000cc0                main
 .text.SystemClock_Config
                0x0000000008001064      0x10c ./Core/Src/main.o
                0x0000000008001064                SystemClock_Config
 .text.MX_ETH_Init
                0x0000000008001170       0x98 ./Core/Src/main.o
 .text.MX_RTC_Init
                0x0000000008001208      0x124 ./Core/Src/main.o
 .text.MX_SPI1_Init
                0x000000000800132c       0xb0 ./Core/Src/main.o
 .text.MX_TIM1_Init
                0x00000000080013dc      0x158 ./Core/Src/main.o
 .text.MX_USART3_UART_Init
                0x0000000008001534       0x98 ./Core/Src/main.o
 .text.MX_USB_OTG_FS_PCD_Init
                0x00000000080015cc       0x64 ./Core/Src/main.o
 .text.MX_DMA_Init
                0x0000000008001630       0x60 ./Core/Src/main.o
 .text.MX_GPIO_Init
                0x0000000008001690      0x1b4 ./Core/Src/main.o
 .text.Error_Handler
                0x0000000008001844        0xa ./Core/Src/main.o
                0x0000000008001844                Error_Handler
 *fill*         0x000000000800184e        0x2 
 .text.HAL_MspInit
                0x0000000008001850       0x34 ./Core/Src/stm32h7xx_hal_msp.o
                0x0000000008001850                HAL_MspInit
 .text.HAL_ETH_MspInit
                0x0000000008001884      0x19c ./Core/Src/stm32h7xx_hal_msp.o
                0x0000000008001884                HAL_ETH_MspInit
 .text.HAL_RTC_MspInit
                0x0000000008001a20       0x70 ./Core/Src/stm32h7xx_hal_msp.o
                0x0000000008001a20                HAL_RTC_MspInit
 .text.HAL_SPI_MspInit
                0x0000000008001a90      0x188 ./Core/Src/stm32h7xx_hal_msp.o
                0x0000000008001a90                HAL_SPI_MspInit
 .text.HAL_TIM_Base_MspInit
                0x0000000008001c18       0x44 ./Core/Src/stm32h7xx_hal_msp.o
                0x0000000008001c18                HAL_TIM_Base_MspInit
 .text.HAL_TIM_MspPostInit
                0x0000000008001c5c       0x78 ./Core/Src/stm32h7xx_hal_msp.o
                0x0000000008001c5c                HAL_TIM_MspPostInit
 .text.HAL_UART_MspInit
                0x0000000008001cd4      0x1a4 ./Core/Src/stm32h7xx_hal_msp.o
                0x0000000008001cd4                HAL_UART_MspInit
 .text.HAL_PCD_MspInit
                0x0000000008001e78      0x114 ./Core/Src/stm32h7xx_hal_msp.o
                0x0000000008001e78                HAL_PCD_MspInit
 .text.NMI_Handler
                0x0000000008001f8c        0x6 ./Core/Src/stm32h7xx_it.o
                0x0000000008001f8c                NMI_Handler
 .text.HardFault_Handler
                0x0000000008001f92        0x6 ./Core/Src/stm32h7xx_it.o
                0x0000000008001f92                HardFault_Handler
 .text.MemManage_Handler
                0x0000000008001f98        0x6 ./Core/Src/stm32h7xx_it.o
                0x0000000008001f98                MemManage_Handler
 .text.BusFault_Handler
                0x0000000008001f9e        0x6 ./Core/Src/stm32h7xx_it.o
                0x0000000008001f9e                BusFault_Handler
 .text.UsageFault_Handler
                0x0000000008001fa4        0x6 ./Core/Src/stm32h7xx_it.o
                0x0000000008001fa4                UsageFault_Handler
 .text.SVC_Handler
                0x0000000008001faa        0xe ./Core/Src/stm32h7xx_it.o
                0x0000000008001faa                SVC_Handler
 .text.DebugMon_Handler
                0x0000000008001fb8        0xe ./Core/Src/stm32h7xx_it.o
                0x0000000008001fb8                DebugMon_Handler
 .text.PendSV_Handler
                0x0000000008001fc6        0xe ./Core/Src/stm32h7xx_it.o
                0x0000000008001fc6                PendSV_Handler
 .text.SysTick_Handler
                0x0000000008001fd4        0xc ./Core/Src/stm32h7xx_it.o
                0x0000000008001fd4                SysTick_Handler
 .text.DMA1_Stream0_IRQHandler
                0x0000000008001fe0       0x14 ./Core/Src/stm32h7xx_it.o
                0x0000000008001fe0                DMA1_Stream0_IRQHandler
 .text.DMA1_Stream1_IRQHandler
                0x0000000008001ff4       0x14 ./Core/Src/stm32h7xx_it.o
                0x0000000008001ff4                DMA1_Stream1_IRQHandler
 .text.DMA1_Stream2_IRQHandler
                0x0000000008002008       0x14 ./Core/Src/stm32h7xx_it.o
                0x0000000008002008                DMA1_Stream2_IRQHandler
 .text.SPI1_IRQHandler
                0x000000000800201c       0x14 ./Core/Src/stm32h7xx_it.o
                0x000000000800201c                SPI1_IRQHandler
 .text.USART3_IRQHandler
                0x0000000008002030       0x14 ./Core/Src/stm32h7xx_it.o
                0x0000000008002030                USART3_IRQHandler
 .text.RTC_Alarm_IRQHandler
                0x0000000008002044       0x14 ./Core/Src/stm32h7xx_it.o
                0x0000000008002044                RTC_Alarm_IRQHandler
 .text._sbrk    0x0000000008002058       0x6c ./Core/Src/sysmem.o
                0x0000000008002058                _sbrk
 .text.Reset_Handler
                0x00000000080020c4       0x50 ./Core/Startup/startup_stm32h745zitx.o
                0x00000000080020c4                Reset_Handler
 .text.Default_Handler
                0x0000000008002114        0x2 ./Core/Startup/startup_stm32h745zitx.o
                0x0000000008002114                EXTI2_IRQHandler
                0x0000000008002114                TIM8_CC_IRQHandler
                0x0000000008002114                HRTIM1_Master_IRQHandler
                0x0000000008002114                UART8_IRQHandler
                0x0000000008002114                SPI4_IRQHandler
                0x0000000008002114                TIM1_CC_IRQHandler
                0x0000000008002114                BDMA_Channel6_IRQHandler
                0x0000000008002114                DMA2_Stream5_IRQHandler
                0x0000000008002114                HRTIM1_FLT_IRQHandler
                0x0000000008002114                JPEG_IRQHandler
                0x0000000008002114                DMA1_Stream5_IRQHandler
                0x0000000008002114                BDMA_Channel1_IRQHandler
                0x0000000008002114                HRTIM1_TIMD_IRQHandler
                0x0000000008002114                TAMP_STAMP_IRQHandler
                0x0000000008002114                EXTI3_IRQHandler
                0x0000000008002114                LPTIM4_IRQHandler
                0x0000000008002114                TIM8_TRG_COM_TIM14_IRQHandler
                0x0000000008002114                LPTIM2_IRQHandler
                0x0000000008002114                DFSDM1_FLT1_IRQHandler
                0x0000000008002114                DMAMUX2_OVR_IRQHandler
                0x0000000008002114                TIM8_UP_TIM13_IRQHandler
                0x0000000008002114                I2C3_ER_IRQHandler
                0x0000000008002114                DFSDM1_FLT2_IRQHandler
                0x0000000008002114                MDMA_IRQHandler
                0x0000000008002114                LPTIM3_IRQHandler
                0x0000000008002114                HSEM1_IRQHandler
                0x0000000008002114                EXTI0_IRQHandler
                0x0000000008002114                I2C2_EV_IRQHandler
                0x0000000008002114                FPU_IRQHandler
                0x0000000008002114                OTG_HS_WKUP_IRQHandler
                0x0000000008002114                FDCAN1_IT1_IRQHandler
                0x0000000008002114                LTDC_ER_IRQHandler
                0x0000000008002114                DMA2_Stream2_IRQHandler
                0x0000000008002114                HRTIM1_TIME_IRQHandler
                0x0000000008002114                TIM6_DAC_IRQHandler
                0x0000000008002114                DCMI_IRQHandler
                0x0000000008002114                HRTIM1_TIMC_IRQHandler
                0x0000000008002114                DMA2_Stream3_IRQHandler
                0x0000000008002114                SAI2_IRQHandler
                0x0000000008002114                DFSDM1_FLT3_IRQHandler
                0x0000000008002114                USART6_IRQHandler
                0x0000000008002114                TIM17_IRQHandler
                0x0000000008002114                BDMA_Channel7_IRQHandler
                0x0000000008002114                LPTIM5_IRQHandler
                0x0000000008002114                UART5_IRQHandler
                0x0000000008002114                ADC3_IRQHandler
                0x0000000008002114                DMA2_Stream0_IRQHandler
                0x0000000008002114                TIM4_IRQHandler
                0x0000000008002114                BDMA_Channel2_IRQHandler
                0x0000000008002114                QUADSPI_IRQHandler
                0x0000000008002114                I2C1_EV_IRQHandler
                0x0000000008002114                DMA1_Stream6_IRQHandler
                0x0000000008002114                DMAMUX1_OVR_IRQHandler
                0x0000000008002114                TIM16_IRQHandler
                0x0000000008002114                UART4_IRQHandler
                0x0000000008002114                BDMA_Channel5_IRQHandler
                0x0000000008002114                TIM3_IRQHandler
                0x0000000008002114                RCC_IRQHandler
                0x0000000008002114                TIM8_BRK_TIM12_IRQHandler
                0x0000000008002114                TIM1_TRG_COM_IRQHandler
                0x0000000008002114                Default_Handler
                0x0000000008002114                ECC_IRQHandler
                0x0000000008002114                CEC_IRQHandler
                0x0000000008002114                EXTI15_10_IRQHandler
                0x0000000008002114                BDMA_Channel0_IRQHandler
                0x0000000008002114                ADC_IRQHandler
                0x0000000008002114                DMA1_Stream7_IRQHandler
                0x0000000008002114                HRTIM1_TIMA_IRQHandler
                0x0000000008002114                SPI5_IRQHandler
                0x0000000008002114                TIM7_IRQHandler
                0x0000000008002114                SDMMC1_IRQHandler
                0x0000000008002114                TIM5_IRQHandler
                0x0000000008002114                DMA2_Stream7_IRQHandler
                0x0000000008002114                TIM15_IRQHandler
                0x0000000008002114                PVD_AVD_IRQHandler
                0x0000000008002114                I2C3_EV_IRQHandler
                0x0000000008002114                EXTI9_5_IRQHandler
                0x0000000008002114                RTC_WKUP_IRQHandler
                0x0000000008002114                LTDC_IRQHandler
                0x0000000008002114                SAI3_IRQHandler
                0x0000000008002114                ETH_WKUP_IRQHandler
                0x0000000008002114                SPDIF_RX_IRQHandler
                0x0000000008002114                SPI2_IRQHandler
                0x0000000008002114                OTG_HS_EP1_IN_IRQHandler
                0x0000000008002114                CRS_IRQHandler
                0x0000000008002114                CM7_SEV_IRQHandler
                0x0000000008002114                EXTI4_IRQHandler
                0x0000000008002114                RNG_IRQHandler
                0x0000000008002114                CM4_SEV_IRQHandler
                0x0000000008002114                HRTIM1_TIMB_IRQHandler
                0x0000000008002114                FDCAN2_IT1_IRQHandler
                0x0000000008002114                ETH_IRQHandler
                0x0000000008002114                TIM1_UP_IRQHandler
                0x0000000008002114                WWDG_RST_IRQHandler
                0x0000000008002114                BDMA_Channel4_IRQHandler
                0x0000000008002114                OTG_HS_EP1_OUT_IRQHandler
                0x0000000008002114                WWDG_IRQHandler
                0x0000000008002114                SPI6_IRQHandler
                0x0000000008002114                MDIOS_IRQHandler
                0x0000000008002114                I2C4_EV_IRQHandler
                0x0000000008002114                FDCAN2_IT0_IRQHandler
                0x0000000008002114                LPUART1_IRQHandler
                0x0000000008002114                FDCAN1_IT0_IRQHandler
                0x0000000008002114                TIM2_IRQHandler
                0x0000000008002114                OTG_FS_WKUP_IRQHandler
                0x0000000008002114                OTG_HS_IRQHandler
                0x0000000008002114                HSEM2_IRQHandler
                0x0000000008002114                DMA2D_IRQHandler
                0x0000000008002114                TIM1_BRK_IRQHandler
                0x0000000008002114                EXTI1_IRQHandler
                0x0000000008002114                SDMMC2_IRQHandler
                0x0000000008002114                OTG_FS_EP1_OUT_IRQHandler
                0x0000000008002114                BDMA_Channel3_IRQHandler
                0x0000000008002114                HOLD_CORE_IRQHandler
                0x0000000008002114                UART7_IRQHandler
                0x0000000008002114                MDIOS_WKUP_IRQHandler
                0x0000000008002114                USART2_IRQHandler
                0x0000000008002114                DFSDM1_FLT0_IRQHandler
                0x0000000008002114                SAI4_IRQHandler
                0x0000000008002114                I2C2_ER_IRQHandler
                0x0000000008002114                DMA2_Stream1_IRQHandler
                0x0000000008002114                FLASH_IRQHandler
                0x0000000008002114                DMA2_Stream4_IRQHandler
                0x0000000008002114                USART1_IRQHandler
                0x0000000008002114                OTG_FS_IRQHandler
                0x0000000008002114                SPI3_IRQHandler
                0x0000000008002114                WAKEUP_PIN_IRQHandler
                0x0000000008002114                DMA1_Stream4_IRQHandler
                0x0000000008002114                OTG_FS_EP1_IN_IRQHandler
                0x0000000008002114                I2C1_ER_IRQHandler
                0x0000000008002114                FMC_IRQHandler
                0x0000000008002114                FDCAN_CAL_IRQHandler
                0x0000000008002114                SWPMI1_IRQHandler
                0x0000000008002114                COMP1_IRQHandler
                0x0000000008002114                LPTIM1_IRQHandler
                0x0000000008002114                I2C4_ER_IRQHandler
                0x0000000008002114                DMA2_Stream6_IRQHandler
                0x0000000008002114                SAI1_IRQHandler
                0x0000000008002114                DMA1_Stream3_IRQHandler
 *fill*         0x0000000008002116        0x2 
 .text.HAL_Init
                0x0000000008002118       0x78 ./Drivers/STM32H7xx_HAL_Driver/stm32h7xx_hal.o
                0x0000000008002118                HAL_Init
 .text.HAL_InitTick
                0x0000000008002190       0x6c ./Drivers/STM32H7xx_HAL_Driver/stm32h7xx_hal.o
                0x0000000008002190                HAL_InitTick
 .text.HAL_IncTick
                0x00000000080021fc       0x28 ./Drivers/STM32H7xx_HAL_Driver/stm32h7xx_hal.o
                0x00000000080021fc                HAL_IncTick
 .text.HAL_GetTick
                0x0000000008002224       0x18 ./Drivers/STM32H7xx_HAL_Driver/stm32h7xx_hal.o
                0x0000000008002224                HAL_GetTick
 .text.HAL_Delay
                0x000000000800223c       0x48 ./Drivers/STM32H7xx_HAL_Driver/stm32h7xx_hal.o
                0x000000000800223c                HAL_Delay
 .text.HAL_GetREVID
                0x0000000008002284       0x18 ./Drivers/STM32H7xx_HAL_Driver/stm32h7xx_hal.o
                0x0000000008002284                HAL_GetREVID
 .text.HAL_SYSCFG_ETHInterfaceSelect
                0x000000000800229c       0x28 ./Drivers/STM32H7xx_HAL_Driver/stm32h7xx_hal.o
                0x000000000800229c                HAL_SYSCFG_ETHInterfaceSelect
 .text.__NVIC_SetPriorityGrouping
                0x00000000080022c4       0x48 ./Drivers/STM32H7xx_HAL_Driver/stm32h7xx_hal_cortex.o
 .text.__NVIC_GetPriorityGrouping
                0x000000000800230c       0x1c ./Drivers/STM32H7xx_HAL_Driver/stm32h7xx_hal_cortex.o
 .text.__NVIC_EnableIRQ
                0x0000000008002328       0x3c ./Drivers/STM32H7xx_HAL_Driver/stm32h7xx_hal_cortex.o
 .text.__NVIC_SetPriority
                0x0000000008002364       0x54 ./Drivers/STM32H7xx_HAL_Driver/stm32h7xx_hal_cortex.o
 .text.NVIC_EncodePriority
                0x00000000080023b8       0x66 ./Drivers/STM32H7xx_HAL_Driver/stm32h7xx_hal_cortex.o
 *fill*         0x000000000800241e        0x2 
 .text.SysTick_Config
                0x0000000008002420       0x44 ./Drivers/STM32H7xx_HAL_Driver/stm32h7xx_hal_cortex.o
 .text.HAL_NVIC_SetPriorityGrouping
                0x0000000008002464       0x16 ./Drivers/STM32H7xx_HAL_Driver/stm32h7xx_hal_cortex.o
                0x0000000008002464                HAL_NVIC_SetPriorityGrouping
 .text.HAL_NVIC_SetPriority
                0x000000000800247a       0x34 ./Drivers/STM32H7xx_HAL_Driver/stm32h7xx_hal_cortex.o
                0x000000000800247a                HAL_NVIC_SetPriority
 .text.HAL_NVIC_EnableIRQ
                0x00000000080024ae       0x1c ./Drivers/STM32H7xx_HAL_Driver/stm32h7xx_hal_cortex.o
                0x00000000080024ae                HAL_NVIC_EnableIRQ
 .text.HAL_SYSTICK_Config
                0x00000000080024ca       0x18 ./Drivers/STM32H7xx_HAL_Driver/stm32h7xx_hal_cortex.o
                0x00000000080024ca                HAL_SYSTICK_Config
 *fill*         0x00000000080024e2        0x2 
 .text.HAL_GetCurrentCPUID
                0x00000000080024e4       0x28 ./Drivers/STM32H7xx_HAL_Driver/stm32h7xx_hal_cortex.o
                0x00000000080024e4                HAL_GetCurrentCPUID
 .text.HAL_DMA_Init
                0x000000000800250c      0x6b8 ./Drivers/STM32H7xx_HAL_Driver/stm32h7xx_hal_dma.o
                0x000000000800250c                HAL_DMA_Init
 .text.HAL_DMA_Start_IT
                0x0000000008002bc4      0x4d4 ./Drivers/STM32H7xx_HAL_Driver/stm32h7xx_hal_dma.o
                0x0000000008002bc4                HAL_DMA_Start_IT
 .text.HAL_DMA_Abort
                0x0000000008003098      0x63c ./Drivers/STM32H7xx_HAL_Driver/stm32h7xx_hal_dma.o
                0x0000000008003098                HAL_DMA_Abort
 .text.HAL_DMA_Abort_IT
                0x00000000080036d4      0x488 ./Drivers/STM32H7xx_HAL_Driver/stm32h7xx_hal_dma.o
                0x00000000080036d4                HAL_DMA_Abort_IT
 .text.HAL_DMA_IRQHandler
                0x0000000008003b5c      0xe54 ./Drivers/STM32H7xx_HAL_Driver/stm32h7xx_hal_dma.o
                0x0000000008003b5c                HAL_DMA_IRQHandler
 .text.HAL_DMA_GetError
                0x00000000080049b0       0x18 ./Drivers/STM32H7xx_HAL_Driver/stm32h7xx_hal_dma.o
                0x00000000080049b0                HAL_DMA_GetError
 .text.DMA_SetConfig
                0x00000000080049c8      0x358 ./Drivers/STM32H7xx_HAL_Driver/stm32h7xx_hal_dma.o
 .text.DMA_CalcBaseAndBitshift
                0x0000000008004d20      0x164 ./Drivers/STM32H7xx_HAL_Driver/stm32h7xx_hal_dma.o
 .text.DMA_CheckFifoParam
                0x0000000008004e84       0xf8 ./Drivers/STM32H7xx_HAL_Driver/stm32h7xx_hal_dma.o
 .text.DMA_CalcDMAMUXChannelBaseAndMask
                0x0000000008004f7c      0x134 ./Drivers/STM32H7xx_HAL_Driver/stm32h7xx_hal_dma.o
 .text.DMA_CalcDMAMUXRequestGenBaseAndMask
                0x00000000080050b0       0xe8 ./Drivers/STM32H7xx_HAL_Driver/stm32h7xx_hal_dma.o
 .text.HAL_ETH_Init
                0x0000000008005198      0x1b4 ./Drivers/STM32H7xx_HAL_Driver/stm32h7xx_hal_eth.o
                0x0000000008005198                HAL_ETH_Init
 .text.ETH_SetMACConfig
                0x000000000800534c      0x238 ./Drivers/STM32H7xx_HAL_Driver/stm32h7xx_hal_eth.o
 .text.ETH_SetDMAConfig
                0x0000000008005584      0x10c ./Drivers/STM32H7xx_HAL_Driver/stm32h7xx_hal_eth.o
 .text.ETH_MACDMAConfig
                0x0000000008005690      0x13a ./Drivers/STM32H7xx_HAL_Driver/stm32h7xx_hal_eth.o
 *fill*         0x00000000080057ca        0x2 
 .text.ETH_MAC_MDIO_ClkConfig
                0x00000000080057cc       0xb0 ./Drivers/STM32H7xx_HAL_Driver/stm32h7xx_hal_eth.o
 .text.ETH_DMATxDescListInit
                0x000000000800587c       0x8e ./Drivers/STM32H7xx_HAL_Driver/stm32h7xx_hal_eth.o
 .text.ETH_DMARxDescListInit
                0x000000000800590a       0xba ./Drivers/STM32H7xx_HAL_Driver/stm32h7xx_hal_eth.o
 .text.HAL_GPIO_Init
                0x00000000080059c4      0x360 ./Drivers/STM32H7xx_HAL_Driver/stm32h7xx_hal_gpio.o
                0x00000000080059c4                HAL_GPIO_Init
 .text.HAL_GPIO_WritePin
                0x0000000008005d24       0x32 ./Drivers/STM32H7xx_HAL_Driver/stm32h7xx_hal_gpio.o
                0x0000000008005d24                HAL_GPIO_WritePin
 *fill*         0x0000000008005d56        0x2 
 .text.HAL_HSEM_FastTake
                0x0000000008005d58       0x34 ./Drivers/STM32H7xx_HAL_Driver/stm32h7xx_hal_hsem.o
                0x0000000008005d58                HAL_HSEM_FastTake
 .text.HAL_HSEM_Release
                0x0000000008005d8c       0x28 ./Drivers/STM32H7xx_HAL_Driver/stm32h7xx_hal_hsem.o
                0x0000000008005d8c                HAL_HSEM_Release
 .text.HAL_PCD_Init
                0x0000000008005db4      0x248 ./Drivers/STM32H7xx_HAL_Driver/stm32h7xx_hal_pcd.o
                0x0000000008005db4                HAL_PCD_Init
 .text.HAL_PCDEx_ActivateLPM
                0x0000000008005ffc       0x48 ./Drivers/STM32H7xx_HAL_Driver/stm32h7xx_hal_pcd_ex.o
                0x0000000008005ffc                HAL_PCDEx_ActivateLPM
 .text.HAL_PWREx_ConfigSupply
                0x0000000008006044       0xb4 ./Drivers/STM32H7xx_HAL_Driver/stm32h7xx_hal_pwr_ex.o
                0x0000000008006044                HAL_PWREx_ConfigSupply
 .text.HAL_PWREx_EnableUSBVoltageDetector
                0x00000000080060f8       0x20 ./Drivers/STM32H7xx_HAL_Driver/stm32h7xx_hal_pwr_ex.o
                0x00000000080060f8                HAL_PWREx_EnableUSBVoltageDetector
 .text.HAL_RCC_OscConfig
                0x0000000008006118      0x820 ./Drivers/STM32H7xx_HAL_Driver/stm32h7xx_hal_rcc.o
                0x0000000008006118                HAL_RCC_OscConfig
 .text.HAL_RCC_ClockConfig
                0x0000000008006938      0x36c ./Drivers/STM32H7xx_HAL_Driver/stm32h7xx_hal_rcc.o
                0x0000000008006938                HAL_RCC_ClockConfig
 .text.HAL_RCC_GetSysClockFreq
                0x0000000008006ca4      0x2f4 ./Drivers/STM32H7xx_HAL_Driver/stm32h7xx_hal_rcc.o
                0x0000000008006ca4                HAL_RCC_GetSysClockFreq
 .text.HAL_RCC_GetHCLKFreq
                0x0000000008006f98       0x60 ./Drivers/STM32H7xx_HAL_Driver/stm32h7xx_hal_rcc.o
                0x0000000008006f98                HAL_RCC_GetHCLKFreq
 .text.HAL_RCC_GetPCLK1Freq
                0x0000000008006ff8       0x2c ./Drivers/STM32H7xx_HAL_Driver/stm32h7xx_hal_rcc.o
                0x0000000008006ff8                HAL_RCC_GetPCLK1Freq
 .text.HAL_RCC_GetPCLK2Freq
                0x0000000008007024       0x2c ./Drivers/STM32H7xx_HAL_Driver/stm32h7xx_hal_rcc.o
                0x0000000008007024                HAL_RCC_GetPCLK2Freq
 .text.HAL_RCCEx_PeriphCLKConfig
                0x0000000008007050      0xe80 ./Drivers/STM32H7xx_HAL_Driver/stm32h7xx_hal_rcc_ex.o
                0x0000000008007050                HAL_RCCEx_PeriphCLKConfig
 .text.HAL_RCCEx_GetD3PCLK1Freq
                0x0000000008007ed0       0x2c ./Drivers/STM32H7xx_HAL_Driver/stm32h7xx_hal_rcc_ex.o
                0x0000000008007ed0                HAL_RCCEx_GetD3PCLK1Freq
 .text.HAL_RCCEx_GetPLL2ClockFreq
                0x0000000008007efc      0x2a8 ./Drivers/STM32H7xx_HAL_Driver/stm32h7xx_hal_rcc_ex.o
                0x0000000008007efc                HAL_RCCEx_GetPLL2ClockFreq
 .text.HAL_RCCEx_GetPLL3ClockFreq
                0x00000000080081a4      0x2a8 ./Drivers/STM32H7xx_HAL_Driver/stm32h7xx_hal_rcc_ex.o
                0x00000000080081a4                HAL_RCCEx_GetPLL3ClockFreq
 .text.RCCEx_PLL2_Config
                0x000000000800844c      0x164 ./Drivers/STM32H7xx_HAL_Driver/stm32h7xx_hal_rcc_ex.o
 .text.RCCEx_PLL3_Config
                0x00000000080085b0      0x164 ./Drivers/STM32H7xx_HAL_Driver/stm32h7xx_hal_rcc_ex.o
 .text.HAL_RTC_Init
                0x0000000008008714       0xf0 ./Drivers/STM32H7xx_HAL_Driver/stm32h7xx_hal_rtc.o
                0x0000000008008714                HAL_RTC_Init
 .text.HAL_RTC_SetTime
                0x0000000008008804      0x13c ./Drivers/STM32H7xx_HAL_Driver/stm32h7xx_hal_rtc.o
                0x0000000008008804                HAL_RTC_SetTime
 .text.HAL_RTC_GetTime
                0x0000000008008940       0xb8 ./Drivers/STM32H7xx_HAL_Driver/stm32h7xx_hal_rtc.o
                0x0000000008008940                HAL_RTC_GetTime
 .text.HAL_RTC_SetDate
                0x00000000080089f8      0x110 ./Drivers/STM32H7xx_HAL_Driver/stm32h7xx_hal_rtc.o
                0x00000000080089f8                HAL_RTC_SetDate
 .text.HAL_RTC_GetDate
                0x0000000008008b08       0x9c ./Drivers/STM32H7xx_HAL_Driver/stm32h7xx_hal_rtc.o
                0x0000000008008b08                HAL_RTC_GetDate
 .text.HAL_RTC_SetAlarm_IT
                0x0000000008008ba4      0x26a ./Drivers/STM32H7xx_HAL_Driver/stm32h7xx_hal_rtc.o
                0x0000000008008ba4                HAL_RTC_SetAlarm_IT
 *fill*         0x0000000008008e0e        0x2 
 .text.HAL_RTC_AlarmIRQHandler
                0x0000000008008e10       0xa4 ./Drivers/STM32H7xx_HAL_Driver/stm32h7xx_hal_rtc.o
                0x0000000008008e10                HAL_RTC_AlarmIRQHandler
 .text.HAL_RTC_AlarmAEventCallback
                0x0000000008008eb4       0x14 ./Drivers/STM32H7xx_HAL_Driver/stm32h7xx_hal_rtc.o
                0x0000000008008eb4                HAL_RTC_AlarmAEventCallback
 .text.HAL_RTC_WaitForSynchro
                0x0000000008008ec8       0x4c ./Drivers/STM32H7xx_HAL_Driver/stm32h7xx_hal_rtc.o
                0x0000000008008ec8                HAL_RTC_WaitForSynchro
 .text.RTC_EnterInitMode
                0x0000000008008f14       0x60 ./Drivers/STM32H7xx_HAL_Driver/stm32h7xx_hal_rtc.o
                0x0000000008008f14                RTC_EnterInitMode
 .text.RTC_ExitInitMode
                0x0000000008008f74       0x7c ./Drivers/STM32H7xx_HAL_Driver/stm32h7xx_hal_rtc.o
                0x0000000008008f74                RTC_ExitInitMode
 .text.RTC_ByteToBcd2
                0x0000000008008ff0       0x40 ./Drivers/STM32H7xx_HAL_Driver/stm32h7xx_hal_rtc.o
                0x0000000008008ff0                RTC_ByteToBcd2
 .text.RTC_Bcd2ToByte
                0x0000000008009030       0x34 ./Drivers/STM32H7xx_HAL_Driver/stm32h7xx_hal_rtc.o
                0x0000000008009030                RTC_Bcd2ToByte
 .text.HAL_RTCEx_AlarmBEventCallback
                0x0000000008009064       0x14 ./Drivers/STM32H7xx_HAL_Driver/stm32h7xx_hal_rtc_ex.o
                0x0000000008009064                HAL_RTCEx_AlarmBEventCallback
 .text.HAL_SPI_Init
                0x0000000008009078      0x204 ./Drivers/STM32H7xx_HAL_Driver/stm32h7xx_hal_spi.o
                0x0000000008009078                HAL_SPI_Init
 .text.HAL_SPI_Transmit
                0x000000000800927c      0x3e4 ./Drivers/STM32H7xx_HAL_Driver/stm32h7xx_hal_spi.o
                0x000000000800927c                HAL_SPI_Transmit
 .text.HAL_SPI_Transmit_DMA
                0x0000000008009660      0x28c ./Drivers/STM32H7xx_HAL_Driver/stm32h7xx_hal_spi.o
                0x0000000008009660                HAL_SPI_Transmit_DMA
 .text.HAL_SPI_IRQHandler
                0x00000000080098ec      0x3c0 ./Drivers/STM32H7xx_HAL_Driver/stm32h7xx_hal_spi.o
                0x00000000080098ec                HAL_SPI_IRQHandler
 .text.HAL_SPI_TxCpltCallback
                0x0000000008009cac       0x14 ./Drivers/STM32H7xx_HAL_Driver/stm32h7xx_hal_spi.o
                0x0000000008009cac                HAL_SPI_TxCpltCallback
 .text.HAL_SPI_RxCpltCallback
                0x0000000008009cc0       0x14 ./Drivers/STM32H7xx_HAL_Driver/stm32h7xx_hal_spi.o
                0x0000000008009cc0                HAL_SPI_RxCpltCallback
 .text.HAL_SPI_TxRxCpltCallback
                0x0000000008009cd4       0x14 ./Drivers/STM32H7xx_HAL_Driver/stm32h7xx_hal_spi.o
                0x0000000008009cd4                HAL_SPI_TxRxCpltCallback
 .text.HAL_SPI_TxHalfCpltCallback
                0x0000000008009ce8       0x14 ./Drivers/STM32H7xx_HAL_Driver/stm32h7xx_hal_spi.o
                0x0000000008009ce8                HAL_SPI_TxHalfCpltCallback
 .text.HAL_SPI_ErrorCallback
                0x0000000008009cfc       0x14 ./Drivers/STM32H7xx_HAL_Driver/stm32h7xx_hal_spi.o
                0x0000000008009cfc                HAL_SPI_ErrorCallback
 .text.SPI_DMATransmitCplt
                0x0000000008009d10       0x46 ./Drivers/STM32H7xx_HAL_Driver/stm32h7xx_hal_spi.o
 .text.SPI_DMAHalfTransmitCplt
                0x0000000008009d56       0x1c ./Drivers/STM32H7xx_HAL_Driver/stm32h7xx_hal_spi.o
 .text.SPI_DMAError
                0x0000000008009d72       0x46 ./Drivers/STM32H7xx_HAL_Driver/stm32h7xx_hal_spi.o
 .text.SPI_DMAAbortOnError
                0x0000000008009db8       0x34 ./Drivers/STM32H7xx_HAL_Driver/stm32h7xx_hal_spi.o
 .text.SPI_CloseTransfer
                0x0000000008009dec      0x140 ./Drivers/STM32H7xx_HAL_Driver/stm32h7xx_hal_spi.o
 .text.SPI_WaitOnFlagUntilTimeout
                0x0000000008009f2c       0x5c ./Drivers/STM32H7xx_HAL_Driver/stm32h7xx_hal_spi.o
 .text.SPI_GetPacketSize
                0x0000000008009f88       0x36 ./Drivers/STM32H7xx_HAL_Driver/stm32h7xx_hal_spi.o
 .text.HAL_TIM_Base_Init
                0x0000000008009fbe       0xae ./Drivers/STM32H7xx_HAL_Driver/stm32h7xx_hal_tim.o
                0x0000000008009fbe                HAL_TIM_Base_Init
 .text.HAL_TIM_Base_Start
                0x000000000800a06c       0xd0 ./Drivers/STM32H7xx_HAL_Driver/stm32h7xx_hal_tim.o
                0x000000000800a06c                HAL_TIM_Base_Start
 .text.HAL_TIM_PWM_Init
                0x000000000800a13c       0xae ./Drivers/STM32H7xx_HAL_Driver/stm32h7xx_hal_tim.o
                0x000000000800a13c                HAL_TIM_PWM_Init
 .text.HAL_TIM_PWM_MspInit
                0x000000000800a1ea       0x14 ./Drivers/STM32H7xx_HAL_Driver/stm32h7xx_hal_tim.o
                0x000000000800a1ea                HAL_TIM_PWM_MspInit
 *fill*         0x000000000800a1fe        0x2 
 .text.HAL_TIM_PWM_Start
                0x000000000800a200      0x210 ./Drivers/STM32H7xx_HAL_Driver/stm32h7xx_hal_tim.o
                0x000000000800a200                HAL_TIM_PWM_Start
 .text.HAL_TIM_PWM_ConfigChannel
                0x000000000800a410      0x220 ./Drivers/STM32H7xx_HAL_Driver/stm32h7xx_hal_tim.o
                0x000000000800a410                HAL_TIM_PWM_ConfigChannel
 .text.HAL_TIM_ConfigClockSource
                0x000000000800a630      0x1e8 ./Drivers/STM32H7xx_HAL_Driver/stm32h7xx_hal_tim.o
                0x000000000800a630                HAL_TIM_ConfigClockSource
 .text.TIM_Base_SetConfig
                0x000000000800a818      0x134 ./Drivers/STM32H7xx_HAL_Driver/stm32h7xx_hal_tim.o
                0x000000000800a818                TIM_Base_SetConfig
 .text.TIM_OC1_SetConfig
                0x000000000800a94c      0x120 ./Drivers/STM32H7xx_HAL_Driver/stm32h7xx_hal_tim.o
 .text.TIM_OC2_SetConfig
                0x000000000800aa6c      0x114 ./Drivers/STM32H7xx_HAL_Driver/stm32h7xx_hal_tim.o
                0x000000000800aa6c                TIM_OC2_SetConfig
 .text.TIM_OC3_SetConfig
                0x000000000800ab80      0x10c ./Drivers/STM32H7xx_HAL_Driver/stm32h7xx_hal_tim.o
 .text.TIM_OC4_SetConfig
                0x000000000800ac8c       0xd0 ./Drivers/STM32H7xx_HAL_Driver/stm32h7xx_hal_tim.o
 .text.TIM_OC5_SetConfig
                0x000000000800ad5c       0xc4 ./Drivers/STM32H7xx_HAL_Driver/stm32h7xx_hal_tim.o
 .text.TIM_OC6_SetConfig
                0x000000000800ae20       0xc8 ./Drivers/STM32H7xx_HAL_Driver/stm32h7xx_hal_tim.o
 .text.TIM_TI1_ConfigInputStage
                0x000000000800aee8       0x5e ./Drivers/STM32H7xx_HAL_Driver/stm32h7xx_hal_tim.o
 .text.TIM_TI2_ConfigInputStage
                0x000000000800af46       0x60 ./Drivers/STM32H7xx_HAL_Driver/stm32h7xx_hal_tim.o
 *fill*         0x000000000800afa6        0x2 
 .text.TIM_ITRx_SetConfig
                0x000000000800afa8       0x3c ./Drivers/STM32H7xx_HAL_Driver/stm32h7xx_hal_tim.o
 .text.TIM_ETR_SetConfig
                0x000000000800afe4       0x40 ./Drivers/STM32H7xx_HAL_Driver/stm32h7xx_hal_tim.o
                0x000000000800afe4                TIM_ETR_SetConfig
 .text.TIM_CCxChannelCmd
                0x000000000800b024       0x4a ./Drivers/STM32H7xx_HAL_Driver/stm32h7xx_hal_tim.o
                0x000000000800b024                TIM_CCxChannelCmd
 *fill*         0x000000000800b06e        0x2 
 .text.HAL_TIMEx_MasterConfigSynchronization
                0x000000000800b070      0x110 ./Drivers/STM32H7xx_HAL_Driver/stm32h7xx_hal_tim_ex.o
                0x000000000800b070                HAL_TIMEx_MasterConfigSynchronization
 .text.HAL_TIMEx_ConfigBreakDeadTime
                0x000000000800b180       0xfc ./Drivers/STM32H7xx_HAL_Driver/stm32h7xx_hal_tim_ex.o
                0x000000000800b180                HAL_TIMEx_ConfigBreakDeadTime
 .text.HAL_UART_Init
                0x000000000800b27c       0xa0 ./Drivers/STM32H7xx_HAL_Driver/stm32h7xx_hal_uart.o
                0x000000000800b27c                HAL_UART_Init
 .text.HAL_UART_Receive_DMA
                0x000000000800b31c       0x8c ./Drivers/STM32H7xx_HAL_Driver/stm32h7xx_hal_uart.o
                0x000000000800b31c                HAL_UART_Receive_DMA
 .text.HAL_UART_IRQHandler
                0x000000000800b3a8      0x574 ./Drivers/STM32H7xx_HAL_Driver/stm32h7xx_hal_uart.o
                0x000000000800b3a8                HAL_UART_IRQHandler
 .text.HAL_UART_TxCpltCallback
                0x000000000800b91c       0x14 ./Drivers/STM32H7xx_HAL_Driver/stm32h7xx_hal_uart.o
                0x000000000800b91c                HAL_UART_TxCpltCallback
 .text.HAL_UART_RxCpltCallback
                0x000000000800b930       0x14 ./Drivers/STM32H7xx_HAL_Driver/stm32h7xx_hal_uart.o
                0x000000000800b930                HAL_UART_RxCpltCallback
 .text.HAL_UART_RxHalfCpltCallback
                0x000000000800b944       0x14 ./Drivers/STM32H7xx_HAL_Driver/stm32h7xx_hal_uart.o
                0x000000000800b944                HAL_UART_RxHalfCpltCallback
 .text.HAL_UART_ErrorCallback
                0x000000000800b958       0x14 ./Drivers/STM32H7xx_HAL_Driver/stm32h7xx_hal_uart.o
                0x000000000800b958                HAL_UART_ErrorCallback
 .text.HAL_UARTEx_RxEventCallback
                0x000000000800b96c       0x18 ./Drivers/STM32H7xx_HAL_Driver/stm32h7xx_hal_uart.o
                0x000000000800b96c                HAL_UARTEx_RxEventCallback
 .text.UART_SetConfig
                0x000000000800b984      0xac0 ./Drivers/STM32H7xx_HAL_Driver/stm32h7xx_hal_uart.o
                0x000000000800b984                UART_SetConfig
 .text.UART_AdvFeatureConfig
                0x000000000800c444      0x144 ./Drivers/STM32H7xx_HAL_Driver/stm32h7xx_hal_uart.o
                0x000000000800c444                UART_AdvFeatureConfig
 .text.UART_CheckIdleState
                0x000000000800c588       0x96 ./Drivers/STM32H7xx_HAL_Driver/stm32h7xx_hal_uart.o
                0x000000000800c588                UART_CheckIdleState
 .text.UART_WaitOnFlagUntilTimeout
                0x000000000800c61e      0x100 ./Drivers/STM32H7xx_HAL_Driver/stm32h7xx_hal_uart.o
                0x000000000800c61e                UART_WaitOnFlagUntilTimeout
 *fill*         0x000000000800c71e        0x2 
 .text.UART_Start_Receive_DMA
                0x000000000800c720       0xdc ./Drivers/STM32H7xx_HAL_Driver/stm32h7xx_hal_uart.o
                0x000000000800c720                UART_Start_Receive_DMA
 .text.UART_EndTxTransfer
                0x000000000800c7fc       0x3c ./Drivers/STM32H7xx_HAL_Driver/stm32h7xx_hal_uart.o
 .text.UART_EndRxTransfer
                0x000000000800c838       0x64 ./Drivers/STM32H7xx_HAL_Driver/stm32h7xx_hal_uart.o
 .text.UART_DMAReceiveCplt
                0x000000000800c89c       0x96 ./Drivers/STM32H7xx_HAL_Driver/stm32h7xx_hal_uart.o
 .text.UART_DMARxHalfCplt
                0x000000000800c932       0x38 ./Drivers/STM32H7xx_HAL_Driver/stm32h7xx_hal_uart.o
 .text.UART_DMAError
                0x000000000800c96a       0x80 ./Drivers/STM32H7xx_HAL_Driver/stm32h7xx_hal_uart.o
 .text.UART_DMAAbortOnError
                0x000000000800c9ea       0x2c ./Drivers/STM32H7xx_HAL_Driver/stm32h7xx_hal_uart.o
 .text.UART_EndTransmit_IT
                0x000000000800ca16       0x34 ./Drivers/STM32H7xx_HAL_Driver/stm32h7xx_hal_uart.o
 .text.HAL_UARTEx_WakeupCallback
                0x000000000800ca4a       0x14 ./Drivers/STM32H7xx_HAL_Driver/stm32h7xx_hal_uart_ex.o
                0x000000000800ca4a                HAL_UARTEx_WakeupCallback
 .text.HAL_UARTEx_RxFifoFullCallback
                0x000000000800ca5e       0x14 ./Drivers/STM32H7xx_HAL_Driver/stm32h7xx_hal_uart_ex.o
                0x000000000800ca5e                HAL_UARTEx_RxFifoFullCallback
 .text.HAL_UARTEx_TxFifoEmptyCallback
                0x000000000800ca72       0x14 ./Drivers/STM32H7xx_HAL_Driver/stm32h7xx_hal_uart_ex.o
                0x000000000800ca72                HAL_UARTEx_TxFifoEmptyCallback
 .text.HAL_UARTEx_DisableFifoMode
                0x000000000800ca86       0x72 ./Drivers/STM32H7xx_HAL_Driver/stm32h7xx_hal_uart_ex.o
                0x000000000800ca86                HAL_UARTEx_DisableFifoMode
 .text.HAL_UARTEx_SetTxFifoThreshold
                0x000000000800caf8       0x7c ./Drivers/STM32H7xx_HAL_Driver/stm32h7xx_hal_uart_ex.o
                0x000000000800caf8                HAL_UARTEx_SetTxFifoThreshold
 .text.HAL_UARTEx_SetRxFifoThreshold
                0x000000000800cb74       0x7c ./Drivers/STM32H7xx_HAL_Driver/stm32h7xx_hal_uart_ex.o
                0x000000000800cb74                HAL_UARTEx_SetRxFifoThreshold
 .text.UARTEx_SetNbDataToProcess
                0x000000000800cbf0       0x9c ./Drivers/STM32H7xx_HAL_Driver/stm32h7xx_hal_uart_ex.o
 .text.USB_CoreInit
                0x000000000800cc8c       0xdc ./Drivers/STM32H7xx_HAL_Driver/stm32h7xx_ll_usb.o
                0x000000000800cc8c                USB_CoreInit
 .text.USB_DisableGlobalInt
                0x000000000800cd68       0x22 ./Drivers/STM32H7xx_HAL_Driver/stm32h7xx_ll_usb.o
                0x000000000800cd68                USB_DisableGlobalInt
 .text.USB_SetCurrentMode
                0x000000000800cd8a       0x54 ./Drivers/STM32H7xx_HAL_Driver/stm32h7xx_ll_usb.o
                0x000000000800cd8a                USB_SetCurrentMode
 *fill*         0x000000000800cdde        0x2 
 .text.USB_DevInit
                0x000000000800cde0      0x2bc ./Drivers/STM32H7xx_HAL_Driver/stm32h7xx_ll_usb.o
                0x000000000800cde0                USB_DevInit
 .text.USB_FlushTxFifo
                0x000000000800d09c       0x4c ./Drivers/STM32H7xx_HAL_Driver/stm32h7xx_ll_usb.o
                0x000000000800d09c                USB_FlushTxFifo
 .text.USB_FlushRxFifo
                0x000000000800d0e8       0x44 ./Drivers/STM32H7xx_HAL_Driver/stm32h7xx_ll_usb.o
                0x000000000800d0e8                USB_FlushRxFifo
 .text.USB_SetDevSpeed
                0x000000000800d12c       0x32 ./Drivers/STM32H7xx_HAL_Driver/stm32h7xx_ll_usb.o
                0x000000000800d12c                USB_SetDevSpeed
 .text.USB_DevDisconnect
                0x000000000800d15e       0x42 ./Drivers/STM32H7xx_HAL_Driver/stm32h7xx_ll_usb.o
                0x000000000800d15e                USB_DevDisconnect
 .text.USB_CoreReset
                0x000000000800d1a0       0x68 ./Drivers/STM32H7xx_HAL_Driver/stm32h7xx_ll_usb.o
 .text.calloc   0x000000000800d208       0x10 c:/st/stm32cubeide_1.5.0/stm32cubeide/plugins/com.st.stm32cube.ide.mcu.externaltools.gnu-tools-for-stm32.9-2020-q2-update.win32_2.0.0.202105311346/tools/bin/../lib/gcc/arm-none-eabi/9.3.1/../../../../arm-none-eabi/lib/thumb/v7e-m+dp/hard\libc_nano.a(lib_a-calloc.o)
                0x000000000800d208                calloc
 .text.__errno  0x000000000800d218        0xc c:/st/stm32cubeide_1.5.0/stm32cubeide/plugins/com.st.stm32cube.ide.mcu.externaltools.gnu-tools-for-stm32.9-2020-q2-update.win32_2.0.0.202105311346/tools/bin/../lib/gcc/arm-none-eabi/9.3.1/../../../../arm-none-eabi/lib/thumb/v7e-m+dp/hard\libc_nano.a(lib_a-errno.o)
                0x000000000800d218                __errno
 .text.__libc_init_array
                0x000000000800d224       0x48 c:/st/stm32cubeide_1.5.0/stm32cubeide/plugins/com.st.stm32cube.ide.mcu.externaltools.gnu-tools-for-stm32.9-2020-q2-update.win32_2.0.0.202105311346/tools/bin/../lib/gcc/arm-none-eabi/9.3.1/../../../../arm-none-eabi/lib/thumb/v7e-m+dp/hard\libc_nano.a(lib_a-init.o)
                0x000000000800d224                __libc_init_array
 .text.memcpy   0x000000000800d26c       0x1c c:/st/stm32cubeide_1.5.0/stm32cubeide/plugins/com.st.stm32cube.ide.mcu.externaltools.gnu-tools-for-stm32.9-2020-q2-update.win32_2.0.0.202105311346/tools/bin/../lib/gcc/arm-none-eabi/9.3.1/../../../../arm-none-eabi/lib/thumb/v7e-m+dp/hard\libc_nano.a(lib_a-memcpy-stub.o)
                0x000000000800d26c                memcpy
 .text.memset   0x000000000800d288       0x10 c:/st/stm32cubeide_1.5.0/stm32cubeide/plugins/com.st.stm32cube.ide.mcu.externaltools.gnu-tools-for-stm32.9-2020-q2-update.win32_2.0.0.202105311346/tools/bin/../lib/gcc/arm-none-eabi/9.3.1/../../../../arm-none-eabi/lib/thumb/v7e-m+dp/hard\libc_nano.a(lib_a-memset.o)
                0x000000000800d288                memset
 .text._calloc_r
                0x000000000800d298       0x1e c:/st/stm32cubeide_1.5.0/stm32cubeide/plugins/com.st.stm32cube.ide.mcu.externaltools.gnu-tools-for-stm32.9-2020-q2-update.win32_2.0.0.202105311346/tools/bin/../lib/gcc/arm-none-eabi/9.3.1/../../../../arm-none-eabi/lib/thumb/v7e-m+dp/hard\libc_nano.a(lib_a-nano-callocr.o)
                0x000000000800d298                _calloc_r
 *fill*         0x000000000800d2b6        0x2 
 .text._malloc_r
                0x000000000800d2b8       0xb4 c:/st/stm32cubeide_1.5.0/stm32cubeide/plugins/com.st.stm32cube.ide.mcu.externaltools.gnu-tools-for-stm32.9-2020-q2-update.win32_2.0.0.202105311346/tools/bin/../lib/gcc/arm-none-eabi/9.3.1/../../../../arm-none-eabi/lib/thumb/v7e-m+dp/hard\libc_nano.a(lib_a-nano-mallocr.o)
                0x000000000800d2b8                _malloc_r
 .text._sbrk_r  0x000000000800d36c       0x20 c:/st/stm32cubeide_1.5.0/stm32cubeide/plugins/com.st.stm32cube.ide.mcu.externaltools.gnu-tools-for-stm32.9-2020-q2-update.win32_2.0.0.202105311346/tools/bin/../lib/gcc/arm-none-eabi/9.3.1/../../../../arm-none-eabi/lib/thumb/v7e-m+dp/hard\libc_nano.a(lib_a-sbrkr.o)
                0x000000000800d36c                _sbrk_r
 .text.__malloc_lock
                0x000000000800d38c        0xc c:/st/stm32cubeide_1.5.0/stm32cubeide/plugins/com.st.stm32cube.ide.mcu.externaltools.gnu-tools-for-stm32.9-2020-q2-update.win32_2.0.0.202105311346/tools/bin/../lib/gcc/arm-none-eabi/9.3.1/../../../../arm-none-eabi/lib/thumb/v7e-m+dp/hard\libc_nano.a(lib_a-mlock.o)
                0x000000000800d38c                __malloc_lock
 .text.__malloc_unlock
                0x000000000800d398        0xc c:/st/stm32cubeide_1.5.0/stm32cubeide/plugins/com.st.stm32cube.ide.mcu.externaltools.gnu-tools-for-stm32.9-2020-q2-update.win32_2.0.0.202105311346/tools/bin/../lib/gcc/arm-none-eabi/9.3.1/../../../../arm-none-eabi/lib/thumb/v7e-m+dp/hard\libc_nano.a(lib_a-mlock.o)
                0x000000000800d398                __malloc_unlock
 .text.__retarget_lock_acquire_recursive
                0x000000000800d3a4        0x2 c:/st/stm32cubeide_1.5.0/stm32cubeide/plugins/com.st.stm32cube.ide.mcu.externaltools.gnu-tools-for-stm32.9-2020-q2-update.win32_2.0.0.202105311346/tools/bin/../lib/gcc/arm-none-eabi/9.3.1/../../../../arm-none-eabi/lib/thumb/v7e-m+dp/hard\libc_nano.a(lib_a-lock.o)
                0x000000000800d3a4                __retarget_lock_acquire_recursive
 .text.__retarget_lock_release_recursive
                0x000000000800d3a6        0x2 c:/st/stm32cubeide_1.5.0/stm32cubeide/plugins/com.st.stm32cube.ide.mcu.externaltools.gnu-tools-for-stm32.9-2020-q2-update.win32_2.0.0.202105311346/tools/bin/../lib/gcc/arm-none-eabi/9.3.1/../../../../arm-none-eabi/lib/thumb/v7e-m+dp/hard\libc_nano.a(lib_a-lock.o)
                0x000000000800d3a6                __retarget_lock_release_recursive
 *(.glue_7)
 .glue_7        0x000000000800d3a8        0x0 linker stubs
 *(.glue_7t)
 .glue_7t       0x000000000800d3a8        0x0 linker stubs
 *(.eh_frame)
 .eh_frame      0x000000000800d3a8        0x0 c:/st/stm32cubeide_1.5.0/stm32cubeide/plugins/com.st.stm32cube.ide.mcu.externaltools.gnu-tools-for-stm32.9-2020-q2-update.win32_2.0.0.202105311346/tools/bin/../lib/gcc/arm-none-eabi/9.3.1/thumb/v7e-m+dp/hard/crtbegin.o
 *(.init)
 .init          0x000000000800d3a8        0x4 c:/st/stm32cubeide_1.5.0/stm32cubeide/plugins/com.st.stm32cube.ide.mcu.externaltools.gnu-tools-for-stm32.9-2020-q2-update.win32_2.0.0.202105311346/tools/bin/../lib/gcc/arm-none-eabi/9.3.1/thumb/v7e-m+dp/hard/crti.o
                0x000000000800d3a8                _init
 .init          0x000000000800d3ac        0x8 c:/st/stm32cubeide_1.5.0/stm32cubeide/plugins/com.st.stm32cube.ide.mcu.externaltools.gnu-tools-for-stm32.9-2020-q2-update.win32_2.0.0.202105311346/tools/bin/../lib/gcc/arm-none-eabi/9.3.1/thumb/v7e-m+dp/hard/crtn.o
 *(.fini)
 .fini          0x000000000800d3b4        0x4 c:/st/stm32cubeide_1.5.0/stm32cubeide/plugins/com.st.stm32cube.ide.mcu.externaltools.gnu-tools-for-stm32.9-2020-q2-update.win32_2.0.0.202105311346/tools/bin/../lib/gcc/arm-none-eabi/9.3.1/thumb/v7e-m+dp/hard/crti.o
                0x000000000800d3b4                _fini
 .fini          0x000000000800d3b8        0x8 c:/st/stm32cubeide_1.5.0/stm32cubeide/plugins/com.st.stm32cube.ide.mcu.externaltools.gnu-tools-for-stm32.9-2020-q2-update.win32_2.0.0.202105311346/tools/bin/../lib/gcc/arm-none-eabi/9.3.1/thumb/v7e-m+dp/hard/crtn.o
                0x000000000800d3c0                . = ALIGN (0x4)
                0x000000000800d3c0                _etext = .

.vfp11_veneer   0x000000000800d3c0        0x0
 .vfp11_veneer  0x000000000800d3c0        0x0 linker stubs

.v4_bx          0x000000000800d3c0        0x0
 .v4_bx         0x000000000800d3c0        0x0 linker stubs

.iplt           0x000000000800d3c0        0x0
 .iplt          0x000000000800d3c0        0x0 c:/st/stm32cubeide_1.5.0/stm32cubeide/plugins/com.st.stm32cube.ide.mcu.externaltools.gnu-tools-for-stm32.9-2020-q2-update.win32_2.0.0.202105311346/tools/bin/../lib/gcc/arm-none-eabi/9.3.1/thumb/v7e-m+dp/hard/crtbegin.o

.rodata         0x000000000800d3c0       0x40
                0x000000000800d3c0                . = ALIGN (0x4)
 *(.rodata)
 *(.rodata*)
 .rodata.D1CorePrescTable
                0x000000000800d3c0       0x10 ./Common/Src/system_stm32h7xx_dualcore_boot_cm4_cm7.o
                0x000000000800d3c0                D1CorePrescTable
 .rodata.flagBitshiftOffset.12212
                0x000000000800d3d0        0x8 ./Drivers/STM32H7xx_HAL_Driver/stm32h7xx_hal_dma.o
 .rodata.UARTPrescTable
                0x000000000800d3d8       0x18 ./Drivers/STM32H7xx_HAL_Driver/stm32h7xx_hal_uart.o
                0x000000000800d3d8                UARTPrescTable
 .rodata.numerator.12167
                0x000000000800d3f0        0x8 ./Drivers/STM32H7xx_HAL_Driver/stm32h7xx_hal_uart_ex.o
 .rodata.denominator.12168
                0x000000000800d3f8        0x8 ./Drivers/STM32H7xx_HAL_Driver/stm32h7xx_hal_uart_ex.o
                0x000000000800d400                . = ALIGN (0x4)

.ARM.extab      0x000000000800d400        0x0
                0x000000000800d400                . = ALIGN (0x4)
 *(.ARM.extab* .gnu.linkonce.armextab.*)
                0x000000000800d400                . = ALIGN (0x4)

.ARM            0x000000000800d400        0x8
                0x000000000800d400                . = ALIGN (0x4)
                0x000000000800d400                __exidx_start = .
 *(.ARM.exidx*)
 .ARM.exidx     0x000000000800d400        0x8 c:/st/stm32cubeide_1.5.0/stm32cubeide/plugins/com.st.stm32cube.ide.mcu.externaltools.gnu-tools-for-stm32.9-2020-q2-update.win32_2.0.0.202105311346/tools/bin/../lib/gcc/arm-none-eabi/9.3.1/thumb/v7e-m+dp/hard\libgcc.a(_udivmoddi4.o)
                0x000000000800d408                __exidx_end = .
                0x000000000800d408                . = ALIGN (0x4)

.rel.dyn        0x000000000800d408        0x0
 .rel.iplt      0x000000000800d408        0x0 c:/st/stm32cubeide_1.5.0/stm32cubeide/plugins/com.st.stm32cube.ide.mcu.externaltools.gnu-tools-for-stm32.9-2020-q2-update.win32_2.0.0.202105311346/tools/bin/../lib/gcc/arm-none-eabi/9.3.1/thumb/v7e-m+dp/hard/crtbegin.o

.preinit_array  0x000000000800d408        0x0
                0x000000000800d408                . = ALIGN (0x4)
                0x000000000800d408                PROVIDE (__preinit_array_start = .)
 *(.preinit_array*)
                0x000000000800d408                PROVIDE (__preinit_array_end = .)
                0x000000000800d408                . = ALIGN (0x4)

.init_array     0x000000000800d408        0x4
                0x000000000800d408                . = ALIGN (0x4)
                0x000000000800d408                PROVIDE (__init_array_start = .)
 *(SORT_BY_NAME(.init_array.*))
 *(.init_array*)
 .init_array    0x000000000800d408        0x4 c:/st/stm32cubeide_1.5.0/stm32cubeide/plugins/com.st.stm32cube.ide.mcu.externaltools.gnu-tools-for-stm32.9-2020-q2-update.win32_2.0.0.202105311346/tools/bin/../lib/gcc/arm-none-eabi/9.3.1/thumb/v7e-m+dp/hard/crtbegin.o
                0x000000000800d40c                PROVIDE (__init_array_end = .)
                0x000000000800d40c                . = ALIGN (0x4)

.fini_array     0x000000000800d40c        0x4
                0x000000000800d40c                . = ALIGN (0x4)
                [!provide]                        PROVIDE (__fini_array_start = .)
 *(SORT_BY_NAME(.fini_array.*))
 *(.fini_array*)
 .fini_array    0x000000000800d40c        0x4 c:/st/stm32cubeide_1.5.0/stm32cubeide/plugins/com.st.stm32cube.ide.mcu.externaltools.gnu-tools-for-stm32.9-2020-q2-update.win32_2.0.0.202105311346/tools/bin/../lib/gcc/arm-none-eabi/9.3.1/thumb/v7e-m+dp/hard/crtbegin.o
                [!provide]                        PROVIDE (__fini_array_end = .)
                0x000000000800d410                . = ALIGN (0x4)
                0x000000000800d410                _sidata = LOADADDR (.data)

.data           0x0000000024000000    0x171c0 load address 0x000000000800d410
                0x0000000024000000                . = ALIGN (0x4)
                0x0000000024000000                _sdata = .
 *(.data)
 *(.data*)
 .data.SystemCoreClock
                0x0000000024000000        0x4 ./Common/Src/system_stm32h7xx_dualcore_boot_cm4_cm7.o
                0x0000000024000000                SystemCoreClock
 .data.SystemD2Clock
                0x0000000024000004        0x4 ./Common/Src/system_stm32h7xx_dualcore_boot_cm4_cm7.o
                0x0000000024000004                SystemD2Clock
 .data.LCDSTARTUPSeq
                0x0000000024000008       0x10 ./Core/Src/ST7735.o
                0x0000000024000008                LCDSTARTUPSeq
 .data.fan      0x0000000024000018     0xc000 ./Core/Src/ST7735.o
                0x0000000024000018                fan
 .data.fan_off  0x000000002400c018     0x17bb ./Core/Src/ST7735.o
                0x000000002400c018                fan_off
 *fill*         0x000000002400d7d3        0x1 
 .data.fan_on   0x000000002400d7d4     0x17bb ./Core/Src/ST7735.o
                0x000000002400d7d4                fan_on
 *fill*         0x000000002400ef8f        0x1 
 .data.speed1   0x000000002400ef90      0xc00 ./Core/Src/ST7735.o
                0x000000002400ef90                speed1
 .data.speed2   0x000000002400fb90      0xc00 ./Core/Src/ST7735.o
                0x000000002400fb90                speed2
 .data.speed3   0x0000000024010790      0xc00 ./Core/Src/ST7735.o
                0x0000000024010790                speed3
 .data.n0       0x0000000024011390     0x12c0 ./Core/Src/ST7735.o
                0x0000000024011390                n0
 .data.n15      0x0000000024012650     0x12c0 ./Core/Src/ST7735.o
                0x0000000024012650                n15
 .data.n30      0x0000000024013910     0x12c0 ./Core/Src/ST7735.o
                0x0000000024013910                n30
 .data.n45      0x0000000024014bd0     0x12c0 ./Core/Src/ST7735.o
                0x0000000024014bd0                n45
 .data.n60      0x0000000024015e90     0x12c0 ./Core/Src/ST7735.o
                0x0000000024015e90                n60
 .data.shareMemory
                0x0000000024017150        0x4 ./Core/Src/main.o
                0x0000000024017150                shareMemory
 .data.uwTickPrio
                0x0000000024017154        0x4 ./Drivers/STM32H7xx_HAL_Driver/stm32h7xx_hal.o
                0x0000000024017154                uwTickPrio
 .data.uwTickFreq
                0x0000000024017158        0x1 ./Drivers/STM32H7xx_HAL_Driver/stm32h7xx_hal.o
                0x0000000024017158                uwTickFreq
 *fill*         0x0000000024017159        0x3 
 .data._impure_ptr
                0x000000002401715c        0x4 c:/st/stm32cubeide_1.5.0/stm32cubeide/plugins/com.st.stm32cube.ide.mcu.externaltools.gnu-tools-for-stm32.9-2020-q2-update.win32_2.0.0.202105311346/tools/bin/../lib/gcc/arm-none-eabi/9.3.1/../../../../arm-none-eabi/lib/thumb/v7e-m+dp/hard\libc_nano.a(lib_a-impure.o)
                0x000000002401715c                _impure_ptr
 .data.impure_data
                0x0000000024017160       0x60 c:/st/stm32cubeide_1.5.0/stm32cubeide/plugins/com.st.stm32cube.ide.mcu.externaltools.gnu-tools-for-stm32.9-2020-q2-update.win32_2.0.0.202105311346/tools/bin/../lib/gcc/arm-none-eabi/9.3.1/../../../../arm-none-eabi/lib/thumb/v7e-m+dp/hard\libc_nano.a(lib_a-impure.o)
 *(.RamFunc)
 *(.RamFunc*)
                0x00000000240171c0                . = ALIGN (0x4)
                0x00000000240171c0                _edata = .

.igot.plt       0x00000000240171c0        0x0 load address 0x00000000080245d0
 .igot.plt      0x00000000240171c0        0x0 c:/st/stm32cubeide_1.5.0/stm32cubeide/plugins/com.st.stm32cube.ide.mcu.externaltools.gnu-tools-for-stm32.9-2020-q2-update.win32_2.0.0.202105311346/tools/bin/../lib/gcc/arm-none-eabi/9.3.1/thumb/v7e-m+dp/hard/crtbegin.o

.RxDecripSection
                0x00000000240171c0       0x60 load address 0x00000000080245d0
 .RxDecripSection
                0x00000000240171c0       0x60 ./Core/Src/main.o
                0x00000000240171c0                DMARxDscrTab

.TxDecripSection
                0x0000000024017220       0x60 load address 0x0000000008024630
 .TxDecripSection
                0x0000000024017220       0x60 ./Core/Src/main.o
                0x0000000024017220                DMATxDscrTab
                0x0000000024017280                . = ALIGN (0x4)

.bss            0x0000000024017280     0xc844 load address 0x0000000008024690
                0x0000000024017280                _sbss = .
                0x0000000024017280                __bss_start__ = _sbss
 *(.bss)
 .bss           0x0000000024017280       0x1c c:/st/stm32cubeide_1.5.0/stm32cubeide/plugins/com.st.stm32cube.ide.mcu.externaltools.gnu-tools-for-stm32.9-2020-q2-update.win32_2.0.0.202105311346/tools/bin/../lib/gcc/arm-none-eabi/9.3.1/thumb/v7e-m+dp/hard/crtbegin.o
 *(.bss*)
 .bss.Framememory
                0x000000002401729c     0xc000 ./Core/Src/ST7735.o
                0x000000002401729c                Framememory
 .bss.ST7735    0x000000002402329c       0x1c ./Core/Src/main.o
                0x000000002402329c                ST7735
 .bss.UART2     0x00000000240232b8       0x18 ./Core/Src/main.o
                0x00000000240232b8                UART2
 .bss.MACAddr.12418
                0x00000000240232d0        0x6 ./Core/Src/main.o
 *fill*         0x00000000240232d6        0x2 
 .bss.__sbrk_heap_end
                0x00000000240232d8        0x4 ./Core/Src/sysmem.o
 .bss.__malloc_free_list
                0x00000000240232dc        0x4 c:/st/stm32cubeide_1.5.0/stm32cubeide/plugins/com.st.stm32cube.ide.mcu.externaltools.gnu-tools-for-stm32.9-2020-q2-update.win32_2.0.0.202105311346/tools/bin/../lib/gcc/arm-none-eabi/9.3.1/../../../../arm-none-eabi/lib/thumb/v7e-m+dp/hard\libc_nano.a(lib_a-nano-mallocr.o)
                0x00000000240232dc                __malloc_free_list
 .bss.__malloc_sbrk_start
                0x00000000240232e0        0x4 c:/st/stm32cubeide_1.5.0/stm32cubeide/plugins/com.st.stm32cube.ide.mcu.externaltools.gnu-tools-for-stm32.9-2020-q2-update.win32_2.0.0.202105311346/tools/bin/../lib/gcc/arm-none-eabi/9.3.1/../../../../arm-none-eabi/lib/thumb/v7e-m+dp/hard\libc_nano.a(lib_a-nano-mallocr.o)
                0x00000000240232e0                __malloc_sbrk_start
 *(COMMON)
 COMMON         0x00000000240232e4      0x7cc ./Core/Src/main.o
                0x00000000240232e4                hdma_usart3_rx
                0x000000002402335c                huart3
                0x00000000240233ec                hpcd_USB_OTG_FS
                0x00000000240237f4                hdma_usart3_tx
                0x000000002402386c                NowDate
                0x0000000024023870                hrtc
                0x0000000024023894                htim1
                0x00000000240238e0                hspi1
                0x0000000024023968                NowTime
                0x000000002402397c                heth
                0x0000000024023a04                TxConfig
                0x0000000024023a38                hdma_spi1_tx
 COMMON         0x0000000024023ab0        0x4 ./Drivers/STM32H7xx_HAL_Driver/stm32h7xx_hal.o
                0x0000000024023ab0                uwTick
 COMMON         0x0000000024023ab4        0x4 c:/st/stm32cubeide_1.5.0/stm32cubeide/plugins/com.st.stm32cube.ide.mcu.externaltools.gnu-tools-for-stm32.9-2020-q2-update.win32_2.0.0.202105311346/tools/bin/../lib/gcc/arm-none-eabi/9.3.1/../../../../arm-none-eabi/lib/thumb/v7e-m+dp/hard\libc_nano.a(lib_a-reent.o)
                0x0000000024023ab4                errno
 COMMON         0x0000000024023ab8        0x9 c:/st/stm32cubeide_1.5.0/stm32cubeide/plugins/com.st.stm32cube.ide.mcu.externaltools.gnu-tools-for-stm32.9-2020-q2-update.win32_2.0.0.202105311346/tools/bin/../lib/gcc/arm-none-eabi/9.3.1/../../../../arm-none-eabi/lib/thumb/v7e-m+dp/hard\libc_nano.a(lib_a-lock.o)
                0x0000000024023ab8                __lock___atexit_recursive_mutex
                0x0000000024023ab9                __lock___arc4random_mutex
                0x0000000024023aba                __lock___env_recursive_mutex
                0x0000000024023abb                __lock___sinit_recursive_mutex
                0x0000000024023abc                __lock___malloc_recursive_mutex
                0x0000000024023abd                __lock___at_quick_exit_mutex
                0x0000000024023abe                __lock___dd_hash_mutex
                0x0000000024023abf                __lock___tz_mutex
                0x0000000024023ac0                __lock___sfp_recursive_mutex
                0x0000000024023ac4                . = ALIGN (0x4)
 *fill*         0x0000000024023ac1        0x3 
                0x0000000024023ac4                _ebss = .
                0x0000000024023ac4                __bss_end__ = _ebss

._user_heap_stack
                0x0000000024023ac4      0x604 load address 0x0000000008024690
                0x0000000024023ac8                . = ALIGN (0x8)
 *fill*         0x0000000024023ac4        0x4 
                [!provide]                        PROVIDE (end = .)
                0x0000000024023ac8                PROVIDE (_end = .)
                0x0000000024023cc8                . = (. + _Min_Heap_Size)
 *fill*         0x0000000024023ac8      0x200 
                0x00000000240240c8                . = (. + _Min_Stack_Size)
 *fill*         0x0000000024023cc8      0x400 
                0x00000000240240c8                . = ALIGN (0x8)

/DISCARD/
 libc.a(*)
 libm.a(*)
 libgcc.a(*)

.ARM.attributes
                0x0000000000000000       0x2e
 *(.ARM.attributes)
 .ARM.attributes
                0x0000000000000000       0x1e c:/st/stm32cubeide_1.5.0/stm32cubeide/plugins/com.st.stm32cube.ide.mcu.externaltools.gnu-tools-for-stm32.9-2020-q2-update.win32_2.0.0.202105311346/tools/bin/../lib/gcc/arm-none-eabi/9.3.1/thumb/v7e-m+dp/hard/crti.o
 .ARM.attributes
                0x000000000000001e       0x32 c:/st/stm32cubeide_1.5.0/stm32cubeide/plugins/com.st.stm32cube.ide.mcu.externaltools.gnu-tools-for-stm32.9-2020-q2-update.win32_2.0.0.202105311346/tools/bin/../lib/gcc/arm-none-eabi/9.3.1/thumb/v7e-m+dp/hard/crtbegin.o
 .ARM.attributes
                0x0000000000000050       0x32 ./Common/Src/system_stm32h7xx_dualcore_boot_cm4_cm7.o
 .ARM.attributes
                0x0000000000000082       0x32 ./Core/Src/ST7735.o
 .ARM.attributes
                0x00000000000000b4       0x32 ./Core/Src/Uart.o
 .ARM.attributes
                0x00000000000000e6       0x32 ./Core/Src/main.o
 .ARM.attributes
                0x0000000000000118       0x32 ./Core/Src/stm32h7xx_hal_msp.o
 .ARM.attributes
                0x000000000000014a       0x32 ./Core/Src/stm32h7xx_it.o
 .ARM.attributes
                0x000000000000017c       0x32 ./Core/Src/sysmem.o
 .ARM.attributes
                0x00000000000001ae       0x21 ./Core/Startup/startup_stm32h745zitx.o
 .ARM.attributes
                0x00000000000001cf       0x32 ./Drivers/STM32H7xx_HAL_Driver/stm32h7xx_hal.o
 .ARM.attributes
                0x0000000000000201       0x32 ./Drivers/STM32H7xx_HAL_Driver/stm32h7xx_hal_cortex.o
 .ARM.attributes
                0x0000000000000233       0x32 ./Drivers/STM32H7xx_HAL_Driver/stm32h7xx_hal_dma.o
 .ARM.attributes
                0x0000000000000265       0x32 ./Drivers/STM32H7xx_HAL_Driver/stm32h7xx_hal_eth.o
 .ARM.attributes
                0x0000000000000297       0x32 ./Drivers/STM32H7xx_HAL_Driver/stm32h7xx_hal_gpio.o
 .ARM.attributes
                0x00000000000002c9       0x32 ./Drivers/STM32H7xx_HAL_Driver/stm32h7xx_hal_hsem.o
 .ARM.attributes
                0x00000000000002fb       0x32 ./Drivers/STM32H7xx_HAL_Driver/stm32h7xx_hal_pcd.o
 .ARM.attributes
                0x000000000000032d       0x32 ./Drivers/STM32H7xx_HAL_Driver/stm32h7xx_hal_pcd_ex.o
 .ARM.attributes
                0x000000000000035f       0x32 ./Drivers/STM32H7xx_HAL_Driver/stm32h7xx_hal_pwr_ex.o
 .ARM.attributes
                0x0000000000000391       0x32 ./Drivers/STM32H7xx_HAL_Driver/stm32h7xx_hal_rcc.o
 .ARM.attributes
                0x00000000000003c3       0x32 ./Drivers/STM32H7xx_HAL_Driver/stm32h7xx_hal_rcc_ex.o
 .ARM.attributes
                0x00000000000003f5       0x32 ./Drivers/STM32H7xx_HAL_Driver/stm32h7xx_hal_rtc.o
 .ARM.attributes
                0x0000000000000427       0x32 ./Drivers/STM32H7xx_HAL_Driver/stm32h7xx_hal_rtc_ex.o
 .ARM.attributes
                0x0000000000000459       0x32 ./Drivers/STM32H7xx_HAL_Driver/stm32h7xx_hal_spi.o
 .ARM.attributes
                0x000000000000048b       0x32 ./Drivers/STM32H7xx_HAL_Driver/stm32h7xx_hal_tim.o
 .ARM.attributes
                0x00000000000004bd       0x32 ./Drivers/STM32H7xx_HAL_Driver/stm32h7xx_hal_tim_ex.o
 .ARM.attributes
                0x00000000000004ef       0x32 ./Drivers/STM32H7xx_HAL_Driver/stm32h7xx_hal_uart.o
 .ARM.attributes
                0x0000000000000521       0x32 ./Drivers/STM32H7xx_HAL_Driver/stm32h7xx_hal_uart_ex.o
 .ARM.attributes
                0x0000000000000553       0x32 ./Drivers/STM32H7xx_HAL_Driver/stm32h7xx_ll_usb.o
 .ARM.attributes
                0x0000000000000585       0x32 c:/st/stm32cubeide_1.5.0/stm32cubeide/plugins/com.st.stm32cube.ide.mcu.externaltools.gnu-tools-for-stm32.9-2020-q2-update.win32_2.0.0.202105311346/tools/bin/../lib/gcc/arm-none-eabi/9.3.1/../../../../arm-none-eabi/lib/thumb/v7e-m+dp/hard\libc_nano.a(lib_a-calloc.o)
 .ARM.attributes
                0x00000000000005b7       0x32 c:/st/stm32cubeide_1.5.0/stm32cubeide/plugins/com.st.stm32cube.ide.mcu.externaltools.gnu-tools-for-stm32.9-2020-q2-update.win32_2.0.0.202105311346/tools/bin/../lib/gcc/arm-none-eabi/9.3.1/../../../../arm-none-eabi/lib/thumb/v7e-m+dp/hard\libc_nano.a(lib_a-errno.o)
 .ARM.attributes
                0x00000000000005e9       0x30 c:/st/stm32cubeide_1.5.0/stm32cubeide/plugins/com.st.stm32cube.ide.mcu.externaltools.gnu-tools-for-stm32.9-2020-q2-update.win32_2.0.0.202105311346/tools/bin/../lib/gcc/arm-none-eabi/9.3.1/../../../../arm-none-eabi/lib/thumb/v7e-m+dp/hard\libc_nano.a(lib_a-impure.o)
 .ARM.attributes
                0x0000000000000619       0x32 c:/st/stm32cubeide_1.5.0/stm32cubeide/plugins/com.st.stm32cube.ide.mcu.externaltools.gnu-tools-for-stm32.9-2020-q2-update.win32_2.0.0.202105311346/tools/bin/../lib/gcc/arm-none-eabi/9.3.1/../../../../arm-none-eabi/lib/thumb/v7e-m+dp/hard\libc_nano.a(lib_a-init.o)
 .ARM.attributes
                0x000000000000064b       0x32 c:/st/stm32cubeide_1.5.0/stm32cubeide/plugins/com.st.stm32cube.ide.mcu.externaltools.gnu-tools-for-stm32.9-2020-q2-update.win32_2.0.0.202105311346/tools/bin/../lib/gcc/arm-none-eabi/9.3.1/../../../../arm-none-eabi/lib/thumb/v7e-m+dp/hard\libc_nano.a(lib_a-memcpy-stub.o)
 .ARM.attributes
                0x000000000000067d       0x32 c:/st/stm32cubeide_1.5.0/stm32cubeide/plugins/com.st.stm32cube.ide.mcu.externaltools.gnu-tools-for-stm32.9-2020-q2-update.win32_2.0.0.202105311346/tools/bin/../lib/gcc/arm-none-eabi/9.3.1/../../../../arm-none-eabi/lib/thumb/v7e-m+dp/hard\libc_nano.a(lib_a-memset.o)
 .ARM.attributes
                0x00000000000006af       0x32 c:/st/stm32cubeide_1.5.0/stm32cubeide/plugins/com.st.stm32cube.ide.mcu.externaltools.gnu-tools-for-stm32.9-2020-q2-update.win32_2.0.0.202105311346/tools/bin/../lib/gcc/arm-none-eabi/9.3.1/../../../../arm-none-eabi/lib/thumb/v7e-m+dp/hard\libc_nano.a(lib_a-nano-callocr.o)
 .ARM.attributes
                0x00000000000006e1       0x32 c:/st/stm32cubeide_1.5.0/stm32cubeide/plugins/com.st.stm32cube.ide.mcu.externaltools.gnu-tools-for-stm32.9-2020-q2-update.win32_2.0.0.202105311346/tools/bin/../lib/gcc/arm-none-eabi/9.3.1/../../../../arm-none-eabi/lib/thumb/v7e-m+dp/hard\libc_nano.a(lib_a-nano-mallocr.o)
 .ARM.attributes
                0x0000000000000713       0x32 c:/st/stm32cubeide_1.5.0/stm32cubeide/plugins/com.st.stm32cube.ide.mcu.externaltools.gnu-tools-for-stm32.9-2020-q2-update.win32_2.0.0.202105311346/tools/bin/../lib/gcc/arm-none-eabi/9.3.1/../../../../arm-none-eabi/lib/thumb/v7e-m+dp/hard\libc_nano.a(lib_a-sbrkr.o)
 .ARM.attributes
                0x0000000000000745       0x32 c:/st/stm32cubeide_1.5.0/stm32cubeide/plugins/com.st.stm32cube.ide.mcu.externaltools.gnu-tools-for-stm32.9-2020-q2-update.win32_2.0.0.202105311346/tools/bin/../lib/gcc/arm-none-eabi/9.3.1/../../../../arm-none-eabi/lib/thumb/v7e-m+dp/hard\libc_nano.a(lib_a-mlock.o)
 .ARM.attributes
                0x0000000000000777       0x32 c:/st/stm32cubeide_1.5.0/stm32cubeide/plugins/com.st.stm32cube.ide.mcu.externaltools.gnu-tools-for-stm32.9-2020-q2-update.win32_2.0.0.202105311346/tools/bin/../lib/gcc/arm-none-eabi/9.3.1/../../../../arm-none-eabi/lib/thumb/v7e-m+dp/hard\libc_nano.a(lib_a-reent.o)
 .ARM.attributes
                0x00000000000007a9       0x32 c:/st/stm32cubeide_1.5.0/stm32cubeide/plugins/com.st.stm32cube.ide.mcu.externaltools.gnu-tools-for-stm32.9-2020-q2-update.win32_2.0.0.202105311346/tools/bin/../lib/gcc/arm-none-eabi/9.3.1/../../../../arm-none-eabi/lib/thumb/v7e-m+dp/hard\libc_nano.a(lib_a-lock.o)
 .ARM.attributes
                0x00000000000007db       0x1e c:/st/stm32cubeide_1.5.0/stm32cubeide/plugins/com.st.stm32cube.ide.mcu.externaltools.gnu-tools-for-stm32.9-2020-q2-update.win32_2.0.0.202105311346/tools/bin/../lib/gcc/arm-none-eabi/9.3.1/thumb/v7e-m+dp/hard\libgcc.a(_aeabi_uldivmod.o)
 .ARM.attributes
                0x00000000000007f9       0x32 c:/st/stm32cubeide_1.5.0/stm32cubeide/plugins/com.st.stm32cube.ide.mcu.externaltools.gnu-tools-for-stm32.9-2020-q2-update.win32_2.0.0.202105311346/tools/bin/../lib/gcc/arm-none-eabi/9.3.1/thumb/v7e-m+dp/hard\libgcc.a(_udivmoddi4.o)
 .ARM.attributes
                0x000000000000082b       0x1e c:/st/stm32cubeide_1.5.0/stm32cubeide/plugins/com.st.stm32cube.ide.mcu.externaltools.gnu-tools-for-stm32.9-2020-q2-update.win32_2.0.0.202105311346/tools/bin/../lib/gcc/arm-none-eabi/9.3.1/thumb/v7e-m+dp/hard\libgcc.a(_dvmd_tls.o)
 .ARM.attributes
                0x0000000000000849       0x1e c:/st/stm32cubeide_1.5.0/stm32cubeide/plugins/com.st.stm32cube.ide.mcu.externaltools.gnu-tools-for-stm32.9-2020-q2-update.win32_2.0.0.202105311346/tools/bin/../lib/gcc/arm-none-eabi/9.3.1/thumb/v7e-m+dp/hard/crtn.o
OUTPUT(h745LCDLegacy_CM7.elf elf32-littlearm)
LOAD linker stubs
LOAD c:/st/stm32cubeide_1.5.0/stm32cubeide/plugins/com.st.stm32cube.ide.mcu.externaltools.gnu-tools-for-stm32.9-2020-q2-update.win32_2.0.0.202105311346/tools/bin/../lib/gcc/arm-none-eabi/9.3.1/../../../../arm-none-eabi/lib/thumb/v7e-m+dp/hard\libc.a
LOAD c:/st/stm32cubeide_1.5.0/stm32cubeide/plugins/com.st.stm32cube.ide.mcu.externaltools.gnu-tools-for-stm32.9-2020-q2-update.win32_2.0.0.202105311346/tools/bin/../lib/gcc/arm-none-eabi/9.3.1/../../../../arm-none-eabi/lib/thumb/v7e-m+dp/hard\libm.a
LOAD c:/st/stm32cubeide_1.5.0/stm32cubeide/plugins/com.st.stm32cube.ide.mcu.externaltools.gnu-tools-for-stm32.9-2020-q2-update.win32_2.0.0.202105311346/tools/bin/../lib/gcc/arm-none-eabi/9.3.1/thumb/v7e-m+dp/hard\libgcc.a

.debug_info     0x0000000000000000    0x33e60
 .debug_info    0x0000000000000000     0x184a ./Common/Src/system_stm32h7xx_dualcore_boot_cm4_cm7.o
 .debug_info    0x000000000000184a     0x19c7 ./Core/Src/ST7735.o
 .debug_info    0x0000000000003211     0x14e3 ./Core/Src/Uart.o
 .debug_info    0x00000000000046f4     0x47b0 ./Core/Src/main.o
 .debug_info    0x0000000000008ea4     0x3fd5 ./Core/Src/stm32h7xx_hal_msp.o
 .debug_info    0x000000000000ce79     0x1ac1 ./Core/Src/stm32h7xx_it.o
 .debug_info    0x000000000000e93a      0xa25 ./Core/Src/sysmem.o
 .debug_info    0x000000000000f35f       0x22 ./Core/Startup/startup_stm32h745zitx.o
 .debug_info    0x000000000000f381     0x21ec ./Drivers/STM32H7xx_HAL_Driver/stm32h7xx_hal.o
 .debug_info    0x000000000001156d     0x1c31 ./Drivers/STM32H7xx_HAL_Driver/stm32h7xx_hal_cortex.o
 .debug_info    0x000000000001319e     0x175f ./Drivers/STM32H7xx_HAL_Driver/stm32h7xx_hal_dma.o
 .debug_info    0x00000000000148fd     0x3294 ./Drivers/STM32H7xx_HAL_Driver/stm32h7xx_hal_eth.o
 .debug_info    0x0000000000017b91     0x189e ./Drivers/STM32H7xx_HAL_Driver/stm32h7xx_hal_gpio.o
 .debug_info    0x000000000001942f      0xed3 ./Drivers/STM32H7xx_HAL_Driver/stm32h7xx_hal_hsem.o
 .debug_info    0x000000000001a302     0x1c76 ./Drivers/STM32H7xx_HAL_Driver/stm32h7xx_hal_pcd.o
 .debug_info    0x000000000001bf78     0x1333 ./Drivers/STM32H7xx_HAL_Driver/stm32h7xx_hal_pcd_ex.o
 .debug_info    0x000000000001d2ab     0x1d5d ./Drivers/STM32H7xx_HAL_Driver/stm32h7xx_hal_pwr_ex.o
 .debug_info    0x000000000001f008     0x194f ./Drivers/STM32H7xx_HAL_Driver/stm32h7xx_hal_rcc.o
 .debug_info    0x0000000000020957     0x1de1 ./Drivers/STM32H7xx_HAL_Driver/stm32h7xx_hal_rcc_ex.o
 .debug_info    0x0000000000022738     0x1a78 ./Drivers/STM32H7xx_HAL_Driver/stm32h7xx_hal_rtc.o
 .debug_info    0x00000000000241b0     0x1f13 ./Drivers/STM32H7xx_HAL_Driver/stm32h7xx_hal_rtc_ex.o
 .debug_info    0x00000000000260c3     0x1fc7 ./Drivers/STM32H7xx_HAL_Driver/stm32h7xx_hal_spi.o
 .debug_info    0x000000000002808a     0x3639 ./Drivers/STM32H7xx_HAL_Driver/stm32h7xx_hal_tim.o
 .debug_info    0x000000000002b6c3     0x21cf ./Drivers/STM32H7xx_HAL_Driver/stm32h7xx_hal_tim_ex.o
 .debug_info    0x000000000002d892     0x2937 ./Drivers/STM32H7xx_HAL_Driver/stm32h7xx_hal_uart.o
 .debug_info    0x00000000000301c9     0x178e ./Drivers/STM32H7xx_HAL_Driver/stm32h7xx_hal_uart_ex.o
 .debug_info    0x0000000000031957     0x2509 ./Drivers/STM32H7xx_HAL_Driver/stm32h7xx_ll_usb.o

.debug_abbrev   0x0000000000000000     0x4bd5
 .debug_abbrev  0x0000000000000000      0x262 ./Common/Src/system_stm32h7xx_dualcore_boot_cm4_cm7.o
 .debug_abbrev  0x0000000000000262      0x2ca ./Core/Src/ST7735.o
 .debug_abbrev  0x000000000000052c      0x290 ./Core/Src/Uart.o
 .debug_abbrev  0x00000000000007bc      0x335 ./Core/Src/main.o
 .debug_abbrev  0x0000000000000af1      0x2d2 ./Core/Src/stm32h7xx_hal_msp.o
 .debug_abbrev  0x0000000000000dc3      0x218 ./Core/Src/stm32h7xx_it.o
 .debug_abbrev  0x0000000000000fdb      0x1bf ./Core/Src/sysmem.o
 .debug_abbrev  0x000000000000119a       0x12 ./Core/Startup/startup_stm32h745zitx.o
 .debug_abbrev  0x00000000000011ac      0x31b ./Drivers/STM32H7xx_HAL_Driver/stm32h7xx_hal.o
 .debug_abbrev  0x00000000000014c7      0x409 ./Drivers/STM32H7xx_HAL_Driver/stm32h7xx_hal_cortex.o
 .debug_abbrev  0x00000000000018d0      0x2c1 ./Drivers/STM32H7xx_HAL_Driver/stm32h7xx_hal_dma.o
 .debug_abbrev  0x0000000000001b91      0x328 ./Drivers/STM32H7xx_HAL_Driver/stm32h7xx_hal_eth.o
 .debug_abbrev  0x0000000000001eb9      0x2cb ./Drivers/STM32H7xx_HAL_Driver/stm32h7xx_hal_gpio.o
 .debug_abbrev  0x0000000000002184      0x2e9 ./Drivers/STM32H7xx_HAL_Driver/stm32h7xx_hal_hsem.o
 .debug_abbrev  0x000000000000246d      0x33a ./Drivers/STM32H7xx_HAL_Driver/stm32h7xx_hal_pcd.o
 .debug_abbrev  0x00000000000027a7      0x2e0 ./Drivers/STM32H7xx_HAL_Driver/stm32h7xx_hal_pcd_ex.o
 .debug_abbrev  0x0000000000002a87      0x37d ./Drivers/STM32H7xx_HAL_Driver/stm32h7xx_hal_pwr_ex.o
 .debug_abbrev  0x0000000000002e04      0x322 ./Drivers/STM32H7xx_HAL_Driver/stm32h7xx_hal_rcc.o
 .debug_abbrev  0x0000000000003126      0x31d ./Drivers/STM32H7xx_HAL_Driver/stm32h7xx_hal_rcc_ex.o
 .debug_abbrev  0x0000000000003443      0x2af ./Drivers/STM32H7xx_HAL_Driver/stm32h7xx_hal_rtc.o
 .debug_abbrev  0x00000000000036f2      0x2d6 ./Drivers/STM32H7xx_HAL_Driver/stm32h7xx_hal_rtc_ex.o
 .debug_abbrev  0x00000000000039c8      0x313 ./Drivers/STM32H7xx_HAL_Driver/stm32h7xx_hal_spi.o
 .debug_abbrev  0x0000000000003cdb      0x2f9 ./Drivers/STM32H7xx_HAL_Driver/stm32h7xx_hal_tim.o
 .debug_abbrev  0x0000000000003fd4      0x301 ./Drivers/STM32H7xx_HAL_Driver/stm32h7xx_hal_tim_ex.o
 .debug_abbrev  0x00000000000042d5      0x309 ./Drivers/STM32H7xx_HAL_Driver/stm32h7xx_hal_uart.o
 .debug_abbrev  0x00000000000045de      0x2a5 ./Drivers/STM32H7xx_HAL_Driver/stm32h7xx_hal_uart_ex.o
 .debug_abbrev  0x0000000000004883      0x352 ./Drivers/STM32H7xx_HAL_Driver/stm32h7xx_ll_usb.o

.debug_aranges  0x0000000000000000     0x1b10
 .debug_aranges
                0x0000000000000000       0x28 ./Common/Src/system_stm32h7xx_dualcore_boot_cm4_cm7.o
 .debug_aranges
                0x0000000000000028       0x50 ./Core/Src/ST7735.o
 .debug_aranges
                0x0000000000000078       0x48 ./Core/Src/Uart.o
 .debug_aranges
                0x00000000000000c0       0x70 ./Core/Src/main.o
 .debug_aranges
                0x0000000000000130       0x88 ./Core/Src/stm32h7xx_hal_msp.o
 .debug_aranges
                0x00000000000001b8       0x90 ./Core/Src/stm32h7xx_it.o
 .debug_aranges
                0x0000000000000248       0x20 ./Core/Src/sysmem.o
 .debug_aranges
                0x0000000000000268       0x28 ./Core/Startup/startup_stm32h745zitx.o
 .debug_aranges
                0x0000000000000290      0x200 ./Drivers/STM32H7xx_HAL_Driver/stm32h7xx_hal.o
 .debug_aranges
                0x0000000000000490      0x120 ./Drivers/STM32H7xx_HAL_Driver/stm32h7xx_hal_cortex.o
 .debug_aranges
                0x00000000000005b0       0xa0 ./Drivers/STM32H7xx_HAL_Driver/stm32h7xx_hal_dma.o
 .debug_aranges
                0x0000000000000650      0x1b0 ./Drivers/STM32H7xx_HAL_Driver/stm32h7xx_hal_eth.o
 .debug_aranges
                0x0000000000000800       0x58 ./Drivers/STM32H7xx_HAL_Driver/stm32h7xx_hal_gpio.o
 .debug_aranges
                0x0000000000000858       0x70 ./Drivers/STM32H7xx_HAL_Driver/stm32h7xx_hal_hsem.o
 .debug_aranges
                0x00000000000008c8      0x130 ./Drivers/STM32H7xx_HAL_Driver/stm32h7xx_hal_pcd.o
 .debug_aranges
                0x00000000000009f8       0x60 ./Drivers/STM32H7xx_HAL_Driver/stm32h7xx_hal_pcd_ex.o
 .debug_aranges
                0x0000000000000a58      0x170 ./Drivers/STM32H7xx_HAL_Driver/stm32h7xx_hal_pwr_ex.o
 .debug_aranges
                0x0000000000000bc8       0x88 ./Drivers/STM32H7xx_HAL_Driver/stm32h7xx_hal_rcc.o
 .debug_aranges
                0x0000000000000c50      0x100 ./Drivers/STM32H7xx_HAL_Driver/stm32h7xx_hal_rcc_ex.o
 .debug_aranges
                0x0000000000000d50       0xc0 ./Drivers/STM32H7xx_HAL_Driver/stm32h7xx_hal_rtc.o
 .debug_aranges
                0x0000000000000e10      0x178 ./Drivers/STM32H7xx_HAL_Driver/stm32h7xx_hal_rtc_ex.o
 .debug_aranges
                0x0000000000000f88      0x1a0 ./Drivers/STM32H7xx_HAL_Driver/stm32h7xx_hal_spi.o
 .debug_aranges
                0x0000000000001128      0x3e0 ./Drivers/STM32H7xx_HAL_Driver/stm32h7xx_hal_tim.o
 .debug_aranges
                0x0000000000001508      0x188 ./Drivers/STM32H7xx_HAL_Driver/stm32h7xx_hal_tim_ex.o
 .debug_aranges
                0x0000000000001690      0x248 ./Drivers/STM32H7xx_HAL_Driver/stm32h7xx_hal_uart.o
 .debug_aranges
                0x00000000000018d8       0xa0 ./Drivers/STM32H7xx_HAL_Driver/stm32h7xx_hal_uart_ex.o
 .debug_aranges
                0x0000000000001978      0x198 ./Drivers/STM32H7xx_HAL_Driver/stm32h7xx_ll_usb.o

.debug_ranges   0x0000000000000000     0x1998
 .debug_ranges  0x0000000000000000       0x18 ./Common/Src/system_stm32h7xx_dualcore_boot_cm4_cm7.o
 .debug_ranges  0x0000000000000018       0x40 ./Core/Src/ST7735.o
 .debug_ranges  0x0000000000000058       0x38 ./Core/Src/Uart.o
 .debug_ranges  0x0000000000000090       0x60 ./Core/Src/main.o
 .debug_ranges  0x00000000000000f0       0x78 ./Core/Src/stm32h7xx_hal_msp.o
 .debug_ranges  0x0000000000000168       0x80 ./Core/Src/stm32h7xx_it.o
 .debug_ranges  0x00000000000001e8       0x10 ./Core/Src/sysmem.o
 .debug_ranges  0x00000000000001f8       0x20 ./Core/Startup/startup_stm32h745zitx.o
 .debug_ranges  0x0000000000000218      0x1f0 ./Drivers/STM32H7xx_HAL_Driver/stm32h7xx_hal.o
 .debug_ranges  0x0000000000000408      0x110 ./Drivers/STM32H7xx_HAL_Driver/stm32h7xx_hal_cortex.o
 .debug_ranges  0x0000000000000518       0x90 ./Drivers/STM32H7xx_HAL_Driver/stm32h7xx_hal_dma.o
 .debug_ranges  0x00000000000005a8      0x1a0 ./Drivers/STM32H7xx_HAL_Driver/stm32h7xx_hal_eth.o
 .debug_ranges  0x0000000000000748       0x48 ./Drivers/STM32H7xx_HAL_Driver/stm32h7xx_hal_gpio.o
 .debug_ranges  0x0000000000000790       0x60 ./Drivers/STM32H7xx_HAL_Driver/stm32h7xx_hal_hsem.o
 .debug_ranges  0x00000000000007f0      0x120 ./Drivers/STM32H7xx_HAL_Driver/stm32h7xx_hal_pcd.o
 .debug_ranges  0x0000000000000910       0x50 ./Drivers/STM32H7xx_HAL_Driver/stm32h7xx_hal_pcd_ex.o
 .debug_ranges  0x0000000000000960      0x160 ./Drivers/STM32H7xx_HAL_Driver/stm32h7xx_hal_pwr_ex.o
 .debug_ranges  0x0000000000000ac0       0x78 ./Drivers/STM32H7xx_HAL_Driver/stm32h7xx_hal_rcc.o
 .debug_ranges  0x0000000000000b38       0xf0 ./Drivers/STM32H7xx_HAL_Driver/stm32h7xx_hal_rcc_ex.o
 .debug_ranges  0x0000000000000c28       0xb0 ./Drivers/STM32H7xx_HAL_Driver/stm32h7xx_hal_rtc.o
 .debug_ranges  0x0000000000000cd8      0x168 ./Drivers/STM32H7xx_HAL_Driver/stm32h7xx_hal_rtc_ex.o
 .debug_ranges  0x0000000000000e40      0x190 ./Drivers/STM32H7xx_HAL_Driver/stm32h7xx_hal_spi.o
 .debug_ranges  0x0000000000000fd0      0x3d0 ./Drivers/STM32H7xx_HAL_Driver/stm32h7xx_hal_tim.o
 .debug_ranges  0x00000000000013a0      0x178 ./Drivers/STM32H7xx_HAL_Driver/stm32h7xx_hal_tim_ex.o
 .debug_ranges  0x0000000000001518      0x268 ./Drivers/STM32H7xx_HAL_Driver/stm32h7xx_hal_uart.o
 .debug_ranges  0x0000000000001780       0x90 ./Drivers/STM32H7xx_HAL_Driver/stm32h7xx_hal_uart_ex.o
 .debug_ranges  0x0000000000001810      0x188 ./Drivers/STM32H7xx_HAL_Driver/stm32h7xx_ll_usb.o

.debug_macro    0x0000000000000000    0x3ddb3
 .debug_macro   0x0000000000000000      0x319 ./Common/Src/system_stm32h7xx_dualcore_boot_cm4_cm7.o
 .debug_macro   0x0000000000000319      0xac6 ./Common/Src/system_stm32h7xx_dualcore_boot_cm4_cm7.o
 .debug_macro   0x0000000000000ddf       0x2e ./Common/Src/system_stm32h7xx_dualcore_boot_cm4_cm7.o
 .debug_macro   0x0000000000000e0d       0x49 ./Common/Src/system_stm32h7xx_dualcore_boot_cm4_cm7.o
 .debug_macro   0x0000000000000e56       0x22 ./Common/Src/system_stm32h7xx_dualcore_boot_cm4_cm7.o
 .debug_macro   0x0000000000000e78       0x8e ./Common/Src/system_stm32h7xx_dualcore_boot_cm4_cm7.o
 .debug_macro   0x0000000000000f06       0x51 ./Common/Src/system_stm32h7xx_dualcore_boot_cm4_cm7.o
 .debug_macro   0x0000000000000f57      0x103 ./Common/Src/system_stm32h7xx_dualcore_boot_cm4_cm7.o
 .debug_macro   0x000000000000105a       0x6a ./Common/Src/system_stm32h7xx_dualcore_boot_cm4_cm7.o
 .debug_macro   0x00000000000010c4      0x1df ./Common/Src/system_stm32h7xx_dualcore_boot_cm4_cm7.o
 .debug_macro   0x00000000000012a3       0x1c ./Common/Src/system_stm32h7xx_dualcore_boot_cm4_cm7.o
 .debug_macro   0x00000000000012bf       0x22 ./Common/Src/system_stm32h7xx_dualcore_boot_cm4_cm7.o
 .debug_macro   0x00000000000012e1      0x101 ./Common/Src/system_stm32h7xx_dualcore_boot_cm4_cm7.o
 .debug_macro   0x00000000000013e2     0x1305 ./Common/Src/system_stm32h7xx_dualcore_boot_cm4_cm7.o
 .debug_macro   0x00000000000026e7      0x11f ./Common/Src/system_stm32h7xx_dualcore_boot_cm4_cm7.o
 .debug_macro   0x0000000000002806       0x27 ./Common/Src/system_stm32h7xx_dualcore_boot_cm4_cm7.o
 .debug_macro   0x000000000000282d    0x26895 ./Common/Src/system_stm32h7xx_dualcore_boot_cm4_cm7.o
 .debug_macro   0x00000000000290c2       0x43 ./Common/Src/system_stm32h7xx_dualcore_boot_cm4_cm7.o
 .debug_macro   0x0000000000029105      0x250 ./Common/Src/system_stm32h7xx_dualcore_boot_cm4_cm7.o
 .debug_macro   0x0000000000029355     0x3cd3 ./Common/Src/system_stm32h7xx_dualcore_boot_cm4_cm7.o
 .debug_macro   0x000000000002d028      0x174 ./Common/Src/system_stm32h7xx_dualcore_boot_cm4_cm7.o
 .debug_macro   0x000000000002d19c       0x52 ./Common/Src/system_stm32h7xx_dualcore_boot_cm4_cm7.o
 .debug_macro   0x000000000002d1ee       0x17 ./Common/Src/system_stm32h7xx_dualcore_boot_cm4_cm7.o
 .debug_macro   0x000000000002d205       0x3c ./Common/Src/system_stm32h7xx_dualcore_boot_cm4_cm7.o
 .debug_macro   0x000000000002d241       0x34 ./Common/Src/system_stm32h7xx_dualcore_boot_cm4_cm7.o
 .debug_macro   0x000000000002d275       0x16 ./Common/Src/system_stm32h7xx_dualcore_boot_cm4_cm7.o
 .debug_macro   0x000000000002d28b       0x43 ./Common/Src/system_stm32h7xx_dualcore_boot_cm4_cm7.o
 .debug_macro   0x000000000002d2ce       0x34 ./Common/Src/system_stm32h7xx_dualcore_boot_cm4_cm7.o
 .debug_macro   0x000000000002d302       0x10 ./Common/Src/system_stm32h7xx_dualcore_boot_cm4_cm7.o
 .debug_macro   0x000000000002d312       0x58 ./Common/Src/system_stm32h7xx_dualcore_boot_cm4_cm7.o
 .debug_macro   0x000000000002d36a       0x71 ./Common/Src/system_stm32h7xx_dualcore_boot_cm4_cm7.o
 .debug_macro   0x000000000002d3db       0x1c ./Common/Src/system_stm32h7xx_dualcore_boot_cm4_cm7.o
 .debug_macro   0x000000000002d3f7      0x12a ./Common/Src/system_stm32h7xx_dualcore_boot_cm4_cm7.o
 .debug_macro   0x000000000002d521      0x333 ./Common/Src/system_stm32h7xx_dualcore_boot_cm4_cm7.o
 .debug_macro   0x000000000002d854      0x1a9 ./Common/Src/system_stm32h7xx_dualcore_boot_cm4_cm7.o
 .debug_macro   0x000000000002d9fd       0x5d ./Common/Src/system_stm32h7xx_dualcore_boot_cm4_cm7.o
 .debug_macro   0x000000000002da5a     0x3a9d ./Common/Src/system_stm32h7xx_dualcore_boot_cm4_cm7.o